 九  20 20:41:38 
 九  20 20:41:38 Creating thread here /home/hpe/mwnl-odu-at-oai-based-on-scf/l2/src/mt/mt_ss.c 3743
 九  20 20:41:38 
 九  20 20:41:38 Set priority 99
 九  20 20:41:38 
 九  20 20:41:38 Creating thread here /home/hpe/mwnl-odu-at-oai-based-on-scf/l2/src/mt/mt_ss.c 3638
 九  20 20:41:38 
 九  20 20:41:38 Set priority 99
 九  20 20:41:38 
 九  20 20:41:38 Creating thread here /home/hpe/mwnl-odu-at-oai-based-on-scf/l2/src/mt/mt_ss.c 3638
 九  20 20:41:38 
 九  20 20:41:38 Set priority 99
 九  20 20:41:38 
 九  20 20:41:38 Creating thread here /home/hpe/mwnl-odu-at-oai-based-on-scf/l2/src/mt/mt_ss.c 3638
 九  20 20:41:38 
 九  20 20:41:38 Set priority 98
 九  20 20:41:38 
 九  20 20:41:38 Creating thread here /home/hpe/mwnl-odu-at-oai-based-on-scf/l2/src/mt/mt_ss.c 3638
 九  20 20:41:38 
 九  20 20:41:38 Set priority 98
 九  20 20:41:38 
 九  20 20:41:38 Creating thread here /home/hpe/mwnl-odu-at-oai-based-on-scf/l2/src/mt/mt_ss.c 3638
 九  20 20:41:38 
 九  20 20:41:38 
 九  20 20:41:38 date: 09/20/2024 time: 20:41:38
 九  20 20:41:38 
 九  20 20:41:38 mtss(posix): sw error:  ent: 001  inst: 000  proc id: 000 
 九  20 20:41:38 file: /home/hpe/mwnl-odu-at-oai-based-on-scf/l2/src/mt/ss_task.c line: 2455 errcode: 00446 errcls: ERRCLS_INT_PAR
 九  20 20:41:38 errval: 00000  errdesc: Can not set exclusive affinity for the core
 九  20 20:41:38 
 九  20 20:41:38 
 九  20 20:41:38 Set priority 99
 九  20 20:41:38 
 九  20 20:41:38 Creating thread here /home/hpe/mwnl-odu-at-oai-based-on-scf/l2/src/mt/mt_ss.c 3638
 九  20 20:41:38 
 九  20 20:41:38 Set priority 99
 九  20 20:41:38 
 九  20 20:41:38 Creating thread here /home/hpe/mwnl-odu-at-oai-based-on-scf/l2/src/mt/mt_ss.c 3638
 九  20 20:41:38 
 九  20 20:41:38 INFO   -->  DU_APP : DU APP created and registered    to 1 sys task
 九  20 20:41:38 
 九  20 20:41:38 DEBUG   -->  EGTP : Initializing
 九  20 20:41:38 INFO   -->  DU_APP : EGTP created and registered     to 2 sys task
 九  20 20:41:38 
 九  20 20:41:38 DEBUG  -->  SCTP : Initializing
 九  20 20:41:38 INFO   -->  DU_APP : SCTP TAPA task created and registered to 6 sys task
 九  20 20:41:38 INFO   -->  DU_APP : RLC UL TAPA task created and registered to    4 sys task
 九  20 20:41:38 INFO   -->  DU_APP : SCH TAPA task created and registered to          5 sys task
 九  20 20:41:38 INFO   -->  DU_APP : PHY stub slot indication TAPA task created and registered to 7 sys task
 九  20 20:41:38 DEBUG   --> In function: readVnfCfg
 九  20 20:41:38 [DU UTILS] --> Gen Buffer
 九  20 20:41:38 [DU UTILS] --> Gen Buffer
 九  20 20:41:38 [DU UTILS] --> Gen Buffer
 九  20 20:41:38 INFO    --> [NFAPI] DU_APP: readVnfCfg() Completed
 九  20 20:41:38 
 九  20 20:41:38 ******************FINISH VNF_CFG_REQ **************************
 九  20 20:41:38 
 九  20 20:41:38 Attempting to allocate 12 bytes
 九  20 20:41:38 Region: 0, Pool: 12, Size: 1
 九  20 20:41:38 Attempting to allocate 152 bytes
 九  20 20:41:38 Region: 0, Pool: 152, Size: 1
 九  20 20:41:38 Attempting to allocate 24 bytes
 九  20 20:41:38 Region: 0, Pool: 24, Size: 1
 九  20 20:41:38 Attempting to allocate 152 bytes
 九  20 20:41:38 Region: 0, Pool: 152, Size: 1
 九  20 20:41:38 Attempting to allocate 24 bytes
 九  20 20:41:38 Region: 0, Pool: 24, Size: 1
 九  20 20:41:38 Attempting to allocate 16 bytes
 九  20 20:41:38 Region: 0, Pool: 16, Size: 1
 九  20 20:41:38 Attempting to allocate 4 bytes
 九  20 20:41:38 Region: 0, Pool: 4, Size: 1
 九  20 20:41:38 Attempting to allocate 4 bytes
 九  20 20:41:38 Region: 0, Pool: 4, Size: 1
 九  20 20:41:38 Attempting to allocate 16 bytes
 九  20 20:41:38 Region: 0, Pool: 16, Size: 1
 九  20 20:41:38 Attempting to allocate 4 bytes
 九  20 20:41:38 Region: 0, Pool: 4, Size: 1
 九  20 20:41:38 Attempting to allocate 4 bytes
 九  20 20:41:38 Region: 0, Pool: 4, Size: 1
 九  20 20:41:38 Attempting to allocate 200 bytes
 九  20 20:41:38 Region: 0, Pool: 200, Size: 1
 九  20 20:41:38 Attempting to allocate 1 bytes
 九  20 20:41:38 Region: 0, Pool: 1, Size: 1
 九  20 20:41:38 Attempting to allocate 1 bytes
 九  20 20:41:38 Region: 0, Pool: 1, Size: 1
 九  20 20:41:38 <MIB>
 九  20 20:41:38     <systemFrameNumber>
 九  20 20:41:38         000000
 九  20 20:41:38     </systemFrameNumber>
 九  20 20:41:38     <subCarrierSpacingCommon><scs30or120/></subCarrierSpacingCommon>
 九  20 20:41:38     <ssb-SubcarrierOffset>0</ssb-SubcarrierOffset>
 九  20 20:41:38     <dmrs-TypeA-Position><pos2/></dmrs-TypeA-Position>
 九  20 20:41:38     <pdcch-ConfigSIB1>
 九  20 20:41:38         <controlResourceSetZero>12</controlResourceSetZero>
 九  20 20:41:38         <searchSpaceZero>0</searchSpaceZero>
 九  20 20:41:38     </pdcch-ConfigSIB1>
 九  20 20:41:38     <cellBarred><notBarred/></cellBarred>
 九  20 20:41:38     <intraFreqReselection><notAllowed/></intraFreqReselection>
 九  20 20:41:38     <spare>
 九  20 20:41:38         0
 九  20 20:41:38     </spare>
 九  20 20:41:38 </MIB>
 九  20 20:41:38 
 九  20 20:41:38 encbufSize:3
 九  20 20:41:38 2	c	c	
 九  20 20:41:38 Attempting to allocate 3 bytes
 九  20 20:41:38 Region: 0, Pool: 3, Size: 1
 九  20 20:41:38 Attempting to allocate 40 bytes
 九  20 20:41:38 Region: 0, Pool: 40, Size: 1
 九  20 20:41:38 Attempting to allocate 208 bytes
 九  20 20:41:38 Region: 0, Pool: 208, Size: 1
 九  20 20:41:38 Attempting to allocate 64 bytes
 九  20 20:41:38 Region: 0, Pool: 64, Size: 1
 九  20 20:41:38 Attempting to allocate 48 bytes
 九  20 20:41:38 Region: 0, Pool: 48, Size: 1
 九  20 20:41:38 Attempting to allocate 3 bytes
 九  20 20:41:38 Region: 0, Pool: 3, Size: 1
 九  20 20:41:38 CellIdentity
 九  20 20:41:38 Attempting to allocate 5 bytes
 九  20 20:41:38 Region: 0, Pool: 5, Size: 1
 九  20 20:41:38 Attempting to allocate 560 bytes
 九  20 20:41:38 Region: 0, Pool: 560, Size: 1
 九  20 20:41:38 Attempting to allocate 1 bytes
 九  20 20:41:38 Region: 0, Pool: 1, Size: 1
 九  20 20:41:38 Attempting to allocate 8 bytes
 九  20 20:41:38 Region: 0, Pool: 8, Size: 1
 九  20 20:41:38 Attempting to allocate 40 bytes
 九  20 20:41:38 Region: 0, Pool: 40, Size: 1
 九  20 20:41:38 Attempting to allocate 8 bytes
 九  20 20:41:38 Region: 0, Pool: 8, Size: 1
 九  20 20:41:38 Attempting to allocate 8 bytes
 九  20 20:41:38 Region: 0, Pool: 8, Size: 1
 九  20 20:41:38 Attempting to allocate 56 bytes
 九  20 20:41:38 Region: 0, Pool: 56, Size: 1
 九  20 20:41:38 Attempting to allocate 40 bytes
 九  20 20:41:38 Region: 0, Pool: 40, Size: 1
 九  20 20:41:38 Attempting to allocate 120 bytes
 九  20 20:41:38 Region: 0, Pool: 120, Size: 1
 九  20 20:41:38 Attempting to allocate 8 bytes
 九  20 20:41:38 Region: 0, Pool: 8, Size: 1
 九  20 20:41:38 Attempting to allocate 8 bytes
 九  20 20:41:38 Region: 0, Pool: 8, Size: 1
 九  20 20:41:38 Attempting to allocate 48 bytes
 九  20 20:41:38 Region: 0, Pool: 48, Size: 1
 九  20 20:41:38 Attempting to allocate 8 bytes
 九  20 20:41:38 Region: 0, Pool: 8, Size: 1
 九  20 20:41:38 Attempting to allocate 80 bytes
 九  20 20:41:38 Region: 0, Pool: 80, Size: 1
 九  20 20:41:38 Attempting to allocate 8 bytes
 九  20 20:41:38 Region: 0, Pool: 8, Size: 1
 九  20 20:41:38 Attempting to allocate 40 bytes
 九  20 20:41:38 Region: 0, Pool: 40, Size: 1
 九  20 20:41:38 Attempting to allocate 48 bytes
 九  20 20:41:38 Region: 0, Pool: 48, Size: 1
 九  20 20:41:38 Attempting to allocate 2 bytes
 九  20 20:41:38 Region: 0, Pool: 2, Size: 1
 九  20 20:41:38 Attempting to allocate 64 bytes
 九  20 20:41:38 Region: 0, Pool: 64, Size: 1
 九  20 20:41:38 Attempting to allocate 40 bytes
 九  20 20:41:38 Region: 0, Pool: 40, Size: 1
 九  20 20:41:38 Attempting to allocate 64 bytes
 九  20 20:41:38 Region: 0, Pool: 64, Size: 1
 九  20 20:41:38 Attempting to allocate 24 bytes
 九  20 20:41:38 Region: 0, Pool: 24, Size: 1
 九  20 20:41:38 Attempting to allocate 8 bytes
 九  20 20:41:38 Region: 0, Pool: 8, Size: 1
 九  20 20:41:38 Attempting to allocate 8 bytes
 九  20 20:41:38 Region: 0, Pool: 8, Size: 1
 九  20 20:41:38 Attempting to allocate 8 bytes
 九  20 20:41:38 Region: 0, Pool: 8, Size: 1
 九  20 20:41:38 Attempting to allocate 40 bytes
 九  20 20:41:38 Region: 0, Pool: 40, Size: 1
 九  20 20:41:38 Attempting to allocate 32 bytes
 九  20 20:41:38 Region: 0, Pool: 32, Size: 1
 九  20 20:41:38 Attempting to allocate 48 bytes
 九  20 20:41:38 Region: 0, Pool: 48, Size: 1
 九  20 20:41:38 Attempting to allocate 24 bytes
 九  20 20:41:38 Region: 0, Pool: 24, Size: 1
 九  20 20:41:38 Attempting to allocate 48 bytes
 九  20 20:41:38 Region: 0, Pool: 48, Size: 1
 九  20 20:41:38 Attempting to allocate 48 bytes
 九  20 20:41:38 Region: 0, Pool: 48, Size: 1
 九  20 20:41:38 Attempting to allocate 48 bytes
 九  20 20:41:38 Region: 0, Pool: 48, Size: 1
 九  20 20:41:38 Attempting to allocate 40 bytes
 九  20 20:41:38 Region: 0, Pool: 40, Size: 1
 九  20 20:41:38 Attempting to allocate 48 bytes
 九  20 20:41:38 Region: 0, Pool: 48, Size: 1
 九  20 20:41:38 Attempting to allocate 8 bytes
 九  20 20:41:38 Region: 0, Pool: 8, Size: 1
 九  20 20:41:38 Attempting to allocate 8 bytes
 九  20 20:41:38 Region: 0, Pool: 8, Size: 1
 九  20 20:41:38 Attempting to allocate 248 bytes
 九  20 20:41:38 Region: 0, Pool: 248, Size: 1
 九  20 20:41:38 Attempting to allocate 8 bytes
 九  20 20:41:38 Region: 0, Pool: 8, Size: 1
 九  20 20:41:38 Attempting to allocate 56 bytes
 九  20 20:41:38 Region: 0, Pool: 56, Size: 1
 九  20 20:41:38 Attempting to allocate 8 bytes
 九  20 20:41:38 Region: 0, Pool: 8, Size: 1
 九  20 20:41:38 Attempting to allocate 40 bytes
 九  20 20:41:38 Region: 0, Pool: 40, Size: 1
 九  20 20:41:38 Attempting to allocate 256 bytes
 九  20 20:41:38 Region: 0, Pool: 256, Size: 1
 九  20 20:41:38 Attempting to allocate 40 bytes
 九  20 20:41:38 Region: 0, Pool: 40, Size: 1
 九  20 20:41:38 Attempting to allocate 8 bytes
 九  20 20:41:38 Region: 0, Pool: 8, Size: 1
 九  20 20:41:38 Attempting to allocate 8 bytes
 九  20 20:41:38 Region: 0, Pool: 8, Size: 1
 九  20 20:41:38 Attempting to allocate 40 bytes
 九  20 20:41:38 Region: 0, Pool: 40, Size: 1
 九  20 20:41:38 Attempting to allocate 56 bytes
 九  20 20:41:38 Region: 0, Pool: 56, Size: 1
 九  20 20:41:38 Attempting to allocate 48 bytes
 九  20 20:41:38 Region: 0, Pool: 48, Size: 1
 九  20 20:41:38 Attempting to allocate 32 bytes
 九  20 20:41:38 Region: 0, Pool: 32, Size: 1
 九  20 20:41:38 Attempting to allocate 48 bytes
 九  20 20:41:38 Region: 0, Pool: 48, Size: 1
 九  20 20:41:38 Attempting to allocate 48 bytes
 九  20 20:41:38 Region: 0, Pool: 48, Size: 1
 九  20 20:41:38 Attempting to allocate 48 bytes
 九  20 20:41:38 Region: 0, Pool: 48, Size: 1
 九  20 20:41:38 Attempting to allocate 48 bytes
 九  20 20:41:38 Region: 0, Pool: 48, Size: 1
 九  20 20:41:38 Attempting to allocate 8 bytes
 九  20 20:41:38 Region: 0, Pool: 8, Size: 1
 九  20 20:41:38 Attempting to allocate 8 bytes
 九  20 20:41:38 Region: 0, Pool: 8, Size: 1
 九  20 20:41:38 Attempting to allocate 8 bytes
 九  20 20:41:38 Region: 0, Pool: 8, Size: 1
 九  20 20:41:38 Attempting to allocate 8 bytes
 九  20 20:41:38 Region: 0, Pool: 8, Size: 1
 九  20 20:41:38 Attempting to allocate 8 bytes
 九  20 20:41:38 Region: 0, Pool: 8, Size: 1
 九  20 20:41:38 Attempting to allocate 8 bytes
 九  20 20:41:38 Region: 0, Pool: 8, Size: 1
 九  20 20:41:38 Attempting to allocate 40 bytes
 九  20 20:41:38 Region: 0, Pool: 40, Size: 1
 九  20 20:41:38 Attempting to allocate 64 bytes
 九  20 20:41:38 Region: 0, Pool: 64, Size: 1
 九  20 20:41:38 Attempting to allocate 8 bytes
 九  20 20:41:38 Region: 0, Pool: 8, Size: 1
 九  20 20:41:38 Attempting to allocate 8 bytes
 九  20 20:41:38 Region: 0, Pool: 8, Size: 1
 九  20 20:41:38 Attempting to allocate 8 bytes
 九  20 20:41:38 Region: 0, Pool: 8, Size: 1
 九  20 20:41:38 Attempting to allocate 112 bytes
 九  20 20:41:38 Region: 0, Pool: 112, Size: 1
 九  20 20:41:38 Attempting to allocate 8 bytes
 九  20 20:41:38 Region: 0, Pool: 8, Size: 1
 九  20 20:41:38 <BCCH-DL-SCH-Message>
 九  20 20:41:38     <message>
 九  20 20:41:38         <c1>
 九  20 20:41:38             <systemInformationBlockType1>
 九  20 20:41:38                 <cellSelectionInfo>
 九  20 20:41:38                     <q-RxLevMin>-65</q-RxLevMin>
 九  20 20:41:38                 </cellSelectionInfo>
 九  20 20:41:38                 <cellAccessRelatedInfo>
 九  20 20:41:38                     <plmn-IdentityInfoList>
 九  20 20:41:38                         <PLMN-IdentityInfo>
 九  20 20:41:38                             <plmn-IdentityList>
 九  20 20:41:38                                 <PLMN-Identity>
 九  20 20:41:38                                     <mcc>
 九  20 20:41:38                                         <MCC-MNC-Digit>0</MCC-MNC-Digit>
 九  20 20:41:38                                         <MCC-MNC-Digit>0</MCC-MNC-Digit>
 九  20 20:41:38                                         <MCC-MNC-Digit>1</MCC-MNC-Digit>
 九  20 20:41:38                                     </mcc>
 九  20 20:41:38                                     <mnc>
 九  20 20:41:38                                         <MCC-MNC-Digit>0</MCC-MNC-Digit>
 九  20 20:41:38                                         <MCC-MNC-Digit>1</MCC-MNC-Digit>
 九  20 20:41:38                                     </mnc>
 九  20 20:41:38                                 </PLMN-Identity>
 九  20 20:41:38                             </plmn-IdentityList>
 九  20 20:41:38                             <trackingAreaCode>
 九  20 20:41:38                                 000000000000000000000001
 九  20 20:41:38                             </trackingAreaCode>
 九  20 20:41:38                             <cellIdentity>
 九  20 20:41:38                                 000000000000000000000000000000000001
 九  20 20:41:38                             </cellIdentity>
 九  20 20:41:38                             <cellReservedForOperatorUse><notReserved/></cellReservedForOperatorUse>
 九  20 20:41:38                         </PLMN-IdentityInfo>
 九  20 20:41:38                     </plmn-IdentityInfoList>
 九  20 20:41:38                 </cellAccessRelatedInfo>
 九  20 20:41:38                 <servingCellConfigCommon>
 九  20 20:41:38                     <downlinkConfigCommon>
 九  20 20:41:38                         <frequencyInfoDL>
 九  20 20:41:38                             <frequencyBandList>
 九  20 20:41:38                                 <NR-MultiBandInfo>
 九  20 20:41:38                                     <freqBandIndicatorNR>78</freqBandIndicatorNR>
 九  20 20:41:38                                 </NR-MultiBandInfo>
 九  20 20:41:38                             </frequencyBandList>
 九  20 20:41:38                             <offsetToPointA>86</offsetToPointA>
 九  20 20:41:38                             <scs-SpecificCarrierList>
 九  20 20:41:38                                 <SCS-SpecificCarrier>
 九  20 20:41:38                                     <offsetToCarrier>0</offsetToCarrier>
 九  20 20:41:38                                     <subcarrierSpacing><kHz30/></subcarrierSpacing>
 九  20 20:41:38                                     <carrierBandwidth>106</carrierBandwidth>
 九  20 20:41:38                                 </SCS-SpecificCarrier>
 九  20 20:41:38                             </scs-SpecificCarrierList>
 九  20 20:41:38                         </frequencyInfoDL>
 九  20 20:41:38                         <initialDownlinkBWP>
 九  20 20:41:38                             <genericParameters>
 九  20 20:41:38                                 <locationAndBandwidth>28875</locationAndBandwidth>
 九  20 20:41:38                                 <subcarrierSpacing><kHz30/></subcarrierSpacing>
 九  20 20:41:38                             </genericParameters>
 九  20 20:41:38                             <pdcch-ConfigCommon>
 九  20 20:41:38                                 <setup>
 九  20 20:41:38                                     <controlResourceSetZero>12</controlResourceSetZero>
 九  20 20:41:38                                     <searchSpaceZero>0</searchSpaceZero>
 九  20 20:41:38                                     <commonSearchSpaceList>
 九  20 20:41:38                                         <SearchSpace>
 九  20 20:41:38                                             <searchSpaceId>1</searchSpaceId>
 九  20 20:41:38                                             <controlResourceSetId>0</controlResourceSetId>
 九  20 20:41:38                                             <monitoringSlotPeriodicityAndOffset>
 九  20 20:41:38                                                 <sl1></sl1>
 九  20 20:41:38                                             </monitoringSlotPeriodicityAndOffset>
 九  20 20:41:38                                             <monitoringSymbolsWithinSlot>
 九  20 20:41:38                                                 10000000000000
 九  20 20:41:38                                             </monitoringSymbolsWithinSlot>
 九  20 20:41:38                                             <nrofCandidates>
 九  20 20:41:38                                                 <aggregationLevel1><n0/></aggregationLevel1>
 九  20 20:41:38                                                 <aggregationLevel2><n0/></aggregationLevel2>
 九  20 20:41:38                                                 <aggregationLevel4><n1/></aggregationLevel4>
 九  20 20:41:38                                                 <aggregationLevel8><n0/></aggregationLevel8>
 九  20 20:41:38                                                 <aggregationLevel16><n0/></aggregationLevel16>
 九  20 20:41:38                                             </nrofCandidates>
 九  20 20:41:38                                             <searchSpaceType>
 九  20 20:41:38                                                 <common>
 九  20 20:41:38                                                     <dci-Format0-0-AndFormat1-0>
 九  20 20:41:38                                                     </dci-Format0-0-AndFormat1-0>
 九  20 20:41:38                                                 </common>
 九  20 20:41:38                                             </searchSpaceType>
 九  20 20:41:38                                         </SearchSpace>
 九  20 20:41:38                                     </commonSearchSpaceList>
 九  20 20:41:38                                     <searchSpaceSIB1>0</searchSpaceSIB1>
 九  20 20:41:38                                     <pagingSearchSpace>1</pagingSearchSpace>
 九  20 20:41:38                                     <ra-SearchSpace>1</ra-SearchSpace>
 九  20 20:41:38                                 </setup>
 九  20 20:41:38                             </pdcch-ConfigCommon>
 九  20 20:41:38                             <pdsch-ConfigCommon>
 九  20 20:41:38                                 <setup>
 九  20 20:41:38                                     <pdsch-TimeDomainAllocationList>
 九  20 20:41:38                                         <PDSCH-TimeDomainResourceAllocation>
 九  20 20:41:38                                             <mappingType><typeA/></mappingType>
 九  20 20:41:38                                             <startSymbolAndLength>57</startSymbolAndLength>
 九  20 20:41:38                                         </PDSCH-TimeDomainResourceAllocation>
 九  20 20:41:38                                         <PDSCH-TimeDomainResourceAllocation>
 九  20 20:41:38                                             <mappingType><typeA/></mappingType>
 九  20 20:41:38                                             <startSymbolAndLength>54</startSymbolAndLength>
 九  20 20:41:38                                         </PDSCH-TimeDomainResourceAllocation>
 九  20 20:41:38                                         <PDSCH-TimeDomainResourceAllocation>
 九  20 20:41:38                                             <mappingType><typeA/></mappingType>
 九  20 20:41:38                                             <startSymbolAndLength>57</startSymbolAndLength>
 九  20 20:41:38                                         </PDSCH-TimeDomainResourceAllocation>
 九  20 20:41:38                                     </pdsch-TimeDomainAllocationList>
 九  20 20:41:38                                 </setup>
 九  20 20:41:38                             </pdsch-ConfigCommon>
 九  20 20:41:38                         </initialDownlinkBWP>
 九  20 20:41:38                         <bcch-Config>
 九  20 20:41:38                             <modificationPeriodCoeff><n2/></modificationPeriodCoeff>
 九  20 20:41:38                         </bcch-Config>
 九  20 20:41:38                         <pcch-Config>
 九  20 20:41:38                             <defaultPagingCycle><rf256/></defaultPagingCycle>
 九  20 20:41:38                             <nAndPagingFrameOffset>
 九  20 20:41:38                                 <quarterT>1</quarterT>
 九  20 20:41:38                             </nAndPagingFrameOffset>
 九  20 20:41:38                             <ns><one/></ns>
 九  20 20:41:38                             <firstPDCCH-MonitoringOccasionOfPO>
 九  20 20:41:38                                 <sCS120KHZoneT-SCS60KHZhalfT-SCS30KHZquarterT-SCS15KHZoneEighthT>
 九  20 20:41:38                                     <INTEGER>0</INTEGER>
 九  20 20:41:38                                 </sCS120KHZoneT-SCS60KHZhalfT-SCS30KHZquarterT-SCS15KHZoneEighthT>
 九  20 20:41:38                             </firstPDCCH-MonitoringOccasionOfPO>
 九  20 20:41:38                         </pcch-Config>
 九  20 20:41:38                     </downlinkConfigCommon>
 九  20 20:41:38                     <uplinkConfigCommon>
 九  20 20:41:38                         <frequencyInfoUL>
 九  20 20:41:38                             <scs-SpecificCarrierList>
 九  20 20:41:38                                 <SCS-SpecificCarrier>
 九  20 20:41:38                                     <offsetToCarrier>0</offsetToCarrier>
 九  20 20:41:38                                     <subcarrierSpacing><kHz30/></subcarrierSpacing>
 九  20 20:41:38                                     <carrierBandwidth>106</carrierBandwidth>
 九  20 20:41:38                                 </SCS-SpecificCarrier>
 九  20 20:41:38                             </scs-SpecificCarrierList>
 九  20 20:41:38                             <p-Max>20</p-Max>
 九  20 20:41:38                         </frequencyInfoUL>
 九  20 20:41:38                         <initialUplinkBWP>
 九  20 20:41:38                             <genericParameters>
 九  20 20:41:38                                 <locationAndBandwidth>28875</locationAndBandwidth>
 九  20 20:41:38                                 <subcarrierSpacing><kHz30/></subcarrierSpacing>
 九  20 20:41:38                             </genericParameters>
 九  20 20:41:38                             <rach-ConfigCommon>
 九  20 20:41:38                                 <setup>
 九  20 20:41:38                                     <rach-ConfigGeneric>
 九  20 20:41:38                                         <prach-ConfigurationIndex>98</prach-ConfigurationIndex>
 九  20 20:41:38                                         <msg1-FDM><one/></msg1-FDM>
 九  20 20:41:38                                         <msg1-FrequencyStart>0</msg1-FrequencyStart>
 九  20 20:41:38                                         <zeroCorrelationZoneConfig>13</zeroCorrelationZoneConfig>
 九  20 20:41:38                                         <preambleReceivedTargetPower>-96</preambleReceivedTargetPower>
 九  20 20:41:38                                         <preambleTransMax><n10/></preambleTransMax>
 九  20 20:41:38                                         <powerRampingStep><dB2/></powerRampingStep>
 九  20 20:41:38                                         <ra-ResponseWindow><sl20/></ra-ResponseWindow>
 九  20 20:41:38                                     </rach-ConfigGeneric>
 九  20 20:41:38                                     <ssb-perRACH-OccasionAndCB-PreamblesPerSSB>
 九  20 20:41:38                                         <one><n60/></one>
 九  20 20:41:38                                     </ssb-perRACH-OccasionAndCB-PreamblesPerSSB>
 九  20 20:41:38                                     <ra-ContentionResolutionTimer><sf64/></ra-ContentionResolutionTimer>
 九  20 20:41:38                                     <rsrp-ThresholdSSB>19</rsrp-ThresholdSSB>
 九  20 20:41:38                                     <prach-RootSequenceIndex>
 九  20 20:41:38                                         <l139>1</l139>
 九  20 20:41:38                                     </prach-RootSequenceIndex>
 九  20 20:41:38                                     <msg1-SubcarrierSpacing><kHz30/></msg1-SubcarrierSpacing>
 九  20 20:41:38                                     <restrictedSetConfig><unrestrictedSet/></restrictedSetConfig>
 九  20 20:41:38                                 </setup>
 九  20 20:41:38                             </rach-ConfigCommon>
 九  20 20:41:38                             <pusch-ConfigCommon>
 九  20 20:41:38                                 <setup>
 九  20 20:41:38                                     <pusch-TimeDomainAllocationList>
 九  20 20:41:38                                         <PUSCH-TimeDomainResourceAllocation>
 九  20 20:41:38                                             <k2>4</k2>
 九  20 20:41:38                                             <mappingType><typeB/></mappingType>
 九  20 20:41:38                                             <startSymbolAndLength>41</startSymbolAndLength>
 九  20 20:41:38                                         </PUSCH-TimeDomainResourceAllocation>
 九  20 20:41:38                                         <PUSCH-TimeDomainResourceAllocation>
 九  20 20:41:38                                             <k2>6</k2>
 九  20 20:41:38                                             <mappingType><typeB/></mappingType>
 九  20 20:41:38                                             <startSymbolAndLength>55</startSymbolAndLength>
 九  20 20:41:38                                         </PUSCH-TimeDomainResourceAllocation>
 九  20 20:41:38                                         <PUSCH-TimeDomainResourceAllocation>
 九  20 20:41:38                                             <k2>6</k2>
 九  20 20:41:38                                             <mappingType><typeB/></mappingType>
 九  20 20:41:38                                             <startSymbolAndLength>41</startSymbolAndLength>
 九  20 20:41:38                                         </PUSCH-TimeDomainResourceAllocation>
 九  20 20:41:38                                         <PUSCH-TimeDomainResourceAllocation>
 九  20 20:41:38                                             <k2>6</k2>
 九  20 20:41:38                                             <mappingType><typeB/></mappingType>
 九  20 20:41:38                                             <startSymbolAndLength>41</startSymbolAndLength>
 九  20 20:41:38                                         </PUSCH-TimeDomainResourceAllocation>
 九  20 20:41:38                                     </pusch-TimeDomainAllocationList>
 九  20 20:41:38                                     <msg3-DeltaPreamble>0</msg3-DeltaPreamble>
 九  20 20:41:38                                     <p0-NominalWithGrant>-90</p0-NominalWithGrant>
 九  20 20:41:38                                 </setup>
 九  20 20:41:38                             </pusch-ConfigCommon>
 九  20 20:41:38                             <pucch-ConfigCommon>
 九  20 20:41:38                                 <setup>
 九  20 20:41:38                                     <pucch-ResourceCommon>0</pucch-ResourceCommon>
 九  20 20:41:38                                     <pucch-GroupHopping><neither/></pucch-GroupHopping>
 九  20 20:41:38                                     <hoppingId>40</hoppingId>
 九  20 20:41:38                                     <p0-nominal>-90</p0-nominal>
 九  20 20:41:38                                 </setup>
 九  20 20:41:38                             </pucch-ConfigCommon>
 九  20 20:41:38                         </initialUplinkBWP>
 九  20 20:41:38                         <timeAlignmentTimerCommon><infinity/></timeAlignmentTimerCommon>
 九  20 20:41:38                     </uplinkConfigCommon>
 九  20 20:41:38                     <ssb-PositionsInBurst>
 九  20 20:41:38                         <inOneGroup>
 九  20 20:41:38                             10000000
 九  20 20:41:38                         </inOneGroup>
 九  20 20:41:38                     </ssb-PositionsInBurst>
 九  20 20:41:38                     <ssb-PeriodicityServingCell><ms20/></ssb-PeriodicityServingCell>
 九  20 20:41:38                     <tdd-UL-DL-ConfigurationCommon>
 九  20 20:41:38                         <referenceSubcarrierSpacing><kHz30/></referenceSubcarrierSpacing>
 九  20 20:41:38                         <pattern1>
 九  20 20:41:38                             <dl-UL-TransmissionPeriodicity><ms5/></dl-UL-TransmissionPeriodicity>
 九  20 20:41:38                             <nrofDownlinkSlots>7</nrofDownlinkSlots>
 九  20 20:41:38                             <nrofDownlinkSymbols>6</nrofDownlinkSymbols>
 九  20 20:41:38                             <nrofUplinkSlots>2</nrofUplinkSlots>
 九  20 20:41:38                             <nrofUplinkSymbols>4</nrofUplinkSymbols>
 九  20 20:41:38                         </pattern1>
 九  20 20:41:38                     </tdd-UL-DL-ConfigurationCommon>
 九  20 20:41:38                     <ss-PBCH-BlockPower>-25</ss-PBCH-BlockPower>
 九  20 20:41:38                 </servingCellConfigCommon>
 九  20 20:41:38                 <ue-TimersAndConstants>
 九  20 20:41:38                     <t300><ms400/></t300>
 九  20 20:41:38                     <t301><ms400/></t301>
 九  20 20:41:38                     <t310><ms2000/></t310>
 九  20 20:41:38                     <n310><n10/></n310>
 九  20 20:41:38                     <t311><ms3000/></t311>
 九  20 20:41:38                     <n311><n1/></n311>
 九  20 20:41:38                     <t319><ms400/></t319>
 九  20 20:41:38                 </ue-TimersAndConstants>
 九  20 20:41:38             </systemInformationBlockType1>
 九  20 20:41:38         </c1>
 九  20 20:41:38     </message>
 九  20 20:41:38 </BCCH-DL-SCH-Message>
 九  20 20:41:38 
 九  20 20:41:38 encbufSize: 87
 九  20 20:41:38 64	ffffff80	a	2	8	0	ffffff80	40	0	0	40	0	0	0	6	ffffff90	ffffff84	ffffffd0	56	0	0	26	ffffff96	70	ffffffcb	35	ffffffde	1	ffffffb8	20	10	0	0	40	40	0	20	ffffffd2	1c	ffffff8d	ffffff87	21	ffffffd3	30	0	8	0	0	ffffff9a	72	73	ffffff86	59	ffffff95	18	ffffff80	6	ffffffb5	33	5f	72	70	12	4e	71	2a	63	5b	ffffffc6	ffffffa9	ffffff8d	52	5c	2e	0	50	ffffffe1	ffffffd0	8	2c	7	60	12	23	37	ffffffb1	c	
 九  20 20:41:38 Attempting to allocate 87 bytes
 九  20 20:41:38 Region: 0, Pool: 87, Size: 1
 九  20 20:41:38 
 九  20 20:41:38 [DU UTILS] --> Gen Buffer
 九  20 20:41:38 [DU UTILS] --> Gen Buffer
 九  20 20:41:38 [DU UTILS] --> Gen Buffer
 九  20 20:41:38 [DU UTILS] --> Gen Buffer
 九  20 20:41:38 [DU UTILS] --> Gen Buffer
 九  20 20:41:38 [DU UTILS] --> Gen BufferAttempting to allocate 64 bytes
 九  20 20:41:38 Region: 0, Pool: 64, Size: 1
 九  20 20:41:38 Attempting to allocate 200 bytes
 九  20 20:41:38 Region: 0, Pool: 200, Size: 1
 九  20 20:41:38 Attempting to allocate 1 bytes
 九  20 20:41:38 Region: 0, Pool: 1, Size: 1
 九  20 20:41:38 Attempting to allocate 1 bytes
 九  20 20:41:38 Region: 0, Pool: 1, Size: 1
 九  20 20:41:38 <BCCH-BCH-Message>
 九  20 20:41:38     <message>
 九  20 20:41:38         <mib>
 九  20 20:41:38             <systemFrameNumber>
 九  20 20:41:38                 000000
 九  20 20:41:38             </systemFrameNumber>
 九  20 20:41:38             <subCarrierSpacingCommon><scs30or120/></subCarrierSpacingCommon>
 九  20 20:41:38             <ssb-SubcarrierOffset>0</ssb-SubcarrierOffset>
 九  20 20:41:38             <dmrs-TypeA-Position><pos2/></dmrs-TypeA-Position>
 九  20 20:41:38             <pdcch-ConfigSIB1>
 九  20 20:41:38                 <controlResourceSetZero>12</controlResourceSetZero>
 九  20 20:41:38                 <searchSpaceZero>0</searchSpaceZero>
 九  20 20:41:38             </pdcch-ConfigSIB1>
 九  20 20:41:38             <cellBarred><notBarred/></cellBarred>
 九  20 20:41:38             <intraFreqReselection><notAllowed/></intraFreqReselection>
 九  20 20:41:38             <spare>
 九  20 20:41:38                 0
 九  20 20:41:38             </spare>
 九  20 20:41:38         </mib>
 九  20 20:41:38     </message>
 九  20 20:41:38 </BCCH-BCH-Message>
 九  20 20:41:38 
 九  20 20:41:38 encbufSize:3
 九  20 20:41:38 1	6	6	
 九  20 20:41:38 
 九  20 20:41:38 [DU UTILS] --> Gen Buffer
 九  20 20:41:38 [DU UTILS] --> Gen Buffer
 九  20 20:41:38 [DU UTILS] --> Gen Buffer
 九  20 20:41:38 [DU UTILS] --> Gen Buffer
 九  20 20:41:38 [DU UTILS] --> Gen Buffer
 九  20 20:41:38 ****** Received initial VNF configs at DU APP ******
 九  20 20:41:38 
 九  20 20:41:38 [DU UTILS] --> Gen Buffer
 九  20 20:41:38 DEBUG  -->  DU_APP : MAC VNF config sent
 九  20 20:41:38 ****** Received initial configs at DU APP ******
 九  20 20:41:38 Attempting to allocate 11120 bytes
 九  20 20:41:38 Region: 0, Pool: 11120, Size: 1
 九  20 20:41:38 
 九  20 20:41:38 DEBUG   -->  DU_APP : RLC Gen Cfg Req sent for inst 0
 九  20 20:41:38 [MacActvTsk] Recieved pst from eb
 九  20 20:41:38 [MacActvTsk] Recieved pst from DUAPP, event is 255
 九  20 20:41:38 
 九  20 20:41:38 INFO   -->  [NFAPI] case EVENT_MAC_VNF_CONFIG_REQ
 九  20 20:41:38 DEBUG   -->  DU_APP : RLC MAC Lower Sap Cfg Req sent for inst 0
 九  20 20:41:38 DEBUG   -->  RLC : RlcMiRlcConfigReq elmId(1)
 九  20 20:41:38 INFO  -->  [NFAPI] : Calling MacProcVnfCfgReq
 九  20 20:41:38 DEBUG   -->  DU_APP : RLC DL/UL Lower Sap Cfg Req sent for inst 0
 九  20 20:41:38 INFO  -->  LWR_MAC : phyState :  0 in msgType : 6
 九  20 20:41:38 INFO  -->  NFAPI : pnfState :  0
 九  20 20:41:38 INFO  --> LWR_MAC [NFAPI_TRACE_INFO] : lwr_mac_procVnfCfgStartEvt
 九  20 20:41:38 [NFAPI] VNF Interface --> nfapi_nr_vnf_start()
 九  20 20:41:38 
 九  20 20:41:38 INFO    --> RLC_DL : Starting SNSSAI Throughput timer
 九  20 20:41:38 [NFAPI] VNF Interface --> Starting P5 VNF connection on port 62324
 九  20 20:41:38 
 九  20 20:41:38 DEBUG   -->  RLC : RlcMiRlcConfigReq elmId(186)
 九  20 20:41:38 DEBUG   -->  DU_APP : RLC UL Cfg Status 0
 九  20 20:41:38 DEBUG   -->  RLC : RlcMiRlcConfigReq elmId(189)
 九  20 20:41:38 [NFAPI] VNF Interface --> P5 socket created... 4
 九  20 20:41:38 
 九  20 20:41:38 DEBUG   -->  DU_APP : RLC UL Cfg Cfm received for the element 1 
 九  20 20:41:38 [NFAPI] VNF Interface --> VNF Setting the SCTP_INITMSG
 九  20 20:41:38 
 九  20 20:41:38 DEBUG   -->  DU_APP : RLC UL Cfg Status 0
 九  20 20:41:38 [NFAPI] VNF Interface --> IPV4 binding to port 62324
 九  20 20:41:38 
 九  20 20:41:38 DEBUG   -->  DU_APP : RLC UL Cfg Cfm received for the element 186 
 九  20 20:41:38 [NFAPI] VNF Interface --> bind succeeded..4.
 九  20 20:41:38 
 九  20 20:41:38 DEBUG   -->  DU_APP : RLC UL Cfg Status 0
 九  20 20:41:38 DEBUG   -->  DU_APP : RLC UL Cfg Cfm received for the element 189 
 九  20 20:41:38 DEBUG   -->  DU_APP : RLC Gen Cfg Req sent for inst 1
 九  20 20:41:38 DEBUG   -->  DU_APP : RLC Kwu Upper Sap Cfg Req sent for inst 1
 九  20 20:41:38 DEBUG   -->  DU_APP : RLC MAC Lower Sap Cfg Req sent for inst 1
 九  20 20:41:38 DEBUG   -->  RLC : RlcMiRlcConfigReq elmId(1)
 九  20 20:41:38 INFO    --> RLC_DL : Starting UE Throughput timer
 九  20 20:41:38 INFO    --> RLC_DL : Starting SNSSAI Throughput timer
 九  20 20:41:38 DEBUG   -->  RLC : RlcMiRlcConfigReq elmId(189)
 九  20 20:41:38 DEBUG   -->  DU_APP : RLC DL Cfg Status 0
 九  20 20:41:38 DEBUG   -->  RLC : RlcMiRlcConfigReq elmId(186)
 九  20 20:41:38 [NFAPI] VNF Interface --> listen succeeded...
 九  20 20:41:38 
 九  20 20:41:38 DEBUG   -->  DU_APP : RLC DL Cfg Cfm received for the element 1 
 九  20 20:41:38 DEBUG   -->  DU_APP : RLC DL Cfg Status 0
 九  20 20:41:38 DEBUG   -->  DU_APP : RLC DL Cfg Cfm received for the element 189 
 九  20 20:41:38 DEBUG   -->  DU_APP : RLC DL Cfg Status 0
 九  20 20:41:38 DEBUG   -->  DU_APP : RLC DL Cfg Cfm received for the element 186 
 九  20 20:41:38 DEBUG   -->  DU_APP : MAC Gen Cfg Req sent
 九  20 20:41:38 DEBUG  -->  DU_APP : MAC Rgu USap Cfg Req sent
 九  20 20:41:38 [MacActvTsk] Recieved pst from eb
 九  20 20:41:38 [MacActvTsk] Recieved pst from DUAPP, event is 0
 九  20 20:41:38 
 九  20 20:41:38 DEBUG  -->  DU_APP : MAC Rgu USap Cfg Req sent
 九  20 20:41:38 INFO    -->  MAC : Received CfgReq for MAC layer, Entity = 235, Instance = 0
 九  20 20:41:38 [MacActvTsk] Recieved pst from eb
 九  20 20:41:38 [MacActvTsk] Recieved pst from DUAPP, event is 0
 九  20 20:41:38 
 九  20 20:41:38 INFO    -->  MAC : Received CfgReq for MAC layer, Entity = 235, Instance = 0
 九  20 20:41:38 DEBUG   -->  DU_APP : MAC Cfg Cfm received for the element 1 
 九  20 20:41:38 [MacActvTsk] Recieved pst from eb
 九  20 20:41:38 [MacActvTsk] Recieved pst from DUAPP, event is 0
 九  20 20:41:38 
 九  20 20:41:38 INFO    -->  MAC : Received CfgReq for MAC layer, Entity = 235, Instance = 0
 九  20 20:41:38 DEBUG   -->  DU_APP : MAC Cfg Cfm received for the element 186 
 九  20 20:41:38 DEBUG   -->  DU_APP : MAC Cfg Cfm received for the element 186 
 九  20 20:41:38 DEBUG   -->  DU_APP : Completed sending Configs
 九  20 20:41:38 DEBUG   -->  DU_APP : Cntrl Req to RLC inst 1 to bind MAC sap
 九  20 20:41:38 DEBUG  --> RLC : RlcMiLkwCntrlReq(elmId(186))
 九  20 20:41:38 DEBUG  -->  MAC : SAP Not yet bound
 九  20 20:41:38 DEBUG  -->  RLC UL : RlcLiRguBndCfm(suId(0), status(1)
 九  20 20:41:38 DEBUG   -->  DU_APP : BIND OF RLC DL TO MAC (RGU) SAP SUCCESSFUL
 九  20 20:41:38 DEBUG  -->  RLC UL : RlcLiRguBndCfm: For RGU SAP state=3
 九  20 20:41:38 DEBUG   -->  DU_APP : Cntrl Req to RLC inst 0 to bind MAC sap
 九  20 20:41:38 DEBUG  --> RLC : RlcMiLkwCntrlReq(elmId(186))
 九  20 20:41:38 DEBUG   -->  DU_APP : BIND OF RLC UL TO MAC (RGU) SAP SUCCESSFUL
 九  20 20:41:38 DEBUG   -->  DU_APP : MAC Sch Cfg sent
 九  20 20:41:38 [MacActvTsk] Recieved pst from eb
 九  20 20:41:38 [MacActvTsk] Recieved pst from DUAPP, event is 10
 九  20 20:41:38 
 九  20 20:41:38 INFO  -->  MAC : Received Scheduler gen config at MAC
 九  20 20:41:38 INFO   -->  SCH : Received scheduler gen config
 九  20 20:41:38 DEBUG  -->  SCH : Entered SchInstCfg()
 九  20 20:41:38 INFO   -->  SCH : Scheduler gen config done
 九  20 20:41:38 DEBUG  -->  MAC : Sending Scheduler config confirm to DU APP
 九  20 20:41:38 DEBUG   -->  DU_APP : Received SCH CFG CFM at DU APP
 九  20 20:41:38 INFO   -->  DU_APP : Configuring all Layer is completeAttempting to allocate 84 bytes
 九  20 20:41:38 Region: 0, Pool: 84, Size: 1
 九  20 20:41:38 
 九  20 20:41:38 CmInetSctpConnectx() Failed : error(115), port(0x9648),		   sockFd->fd(5)
 九  20 20:41:38 Attempting to allocate 84 bytes
 九  20 20:41:38 Region: 0, Pool: 84, Size: 1
 九  20 20:41:38 
 九  20 20:41:38 INFO   -->  SCTP : Polling started at DU
 九  20 20:41:38 
 九  20 20:41:38 CmInetSctpConnectx() Failed : error(115), port(0x8e45),		   sockFd->fd(6)
 九  20 20:41:38 
 九  20 20:41:38 DEBUG   -->  DU_APP : Sending EGTP config request
 九  20 20:41:38 DEBUG   -->  SCTP : AssocId assigned to F1Params from PollParams [2264]
 九  20 20:41:38 
 九  20 20:41:38 DEBUG   -->  SCTP : Assoc change notification receivedINFO   -->  Event : COMMUNICATION UP
 九  20 20:41:38 DEBUG   -->  SCTP : Forwarding received message to duApp
 九  20 20:41:38 DEBUG   -->  EGTP : EGTP configuration successful
 九  20 20:41:38 DEBUG   -->  SCTP : AssocId assigned to ricParams from PollParams [2266]
 九  20 20:41:38 
 九  20 20:41:38 INFO   -->  F1AP : Building F1 Setup Request
 九  20 20:41:38 
 九  20 20:41:38 DEBUG   -->  SCTP : Assoc change notification receivedINFO   -->  Event : CANT START ASSOC
 九  20 20:41:38 DEBUG   -->  SCTP : Forwarding received message to duAppAttempting to allocate 40 bytes
 九  20 20:41:38 Region: 0, Pool: 40, Size: 1
 九  20 20:41:38 Attempting to allocate 144 bytes
 九  20 20:41:38 Region: 0, Pool: 144, Size: 1
 九  20 20:41:38 Attempting to allocate 40 bytes
 九  20 20:41:38 Region: 0, Pool: 40, Size: 1
 九  20 20:41:38 Attempting to allocate 152 bytes
 九  20 20:41:38 Region: 0, Pool: 152, Size: 1
 九  20 20:41:38 Attempting to allocate 152 bytes
 九  20 20:41:38 Region: 0, Pool: 152, Size: 1
 九  20 20:41:38 Attempting to allocate 152 bytes
 九  20 20:41:38 Region: 0, Pool: 152, Size: 1
 九  20 20:41:38 Attempting to allocate 152 bytes
 九  20 20:41:38 Region: 0, Pool: 152, Size: 1
 九  20 20:41:38 Attempting to allocate 152 bytes
 九  20 20:41:38 Region: 0, Pool: 152, Size: 1
 九  20 20:41:38 Attempting to allocate 1 bytes
 九  20 20:41:38 Region: 0, Pool: 1, Size: 1
 九  20 20:41:38 Attempting to allocate 11 bytes
 九  20 20:41:38 Region: 0, Pool: 11, Size: 1
 九  20 20:41:38 Attempting to allocate 8 bytes
 九  20 20:41:38 Region: 0, Pool: 8, Size: 1
 九  20 20:41:38 Attempting to allocate 416 bytes
 九  20 20:41:38 Region: 0, Pool: 416, Size: 1
 九  20 20:41:38 Attempting to allocate 3 bytes
 九  20 20:41:38 Region: 0, Pool: 3, Size: 1
 九  20 20:41:38 Attempting to allocate 5 bytes
 九  20 20:41:38 Region: 0, Pool: 5, Size: 1
 九  20 20:41:38 Attempting to allocate 40 bytes
 九  20 20:41:38 Region: 0, Pool: 40, Size: 1
 九  20 20:41:38 Attempting to allocate 8 bytes
 九  20 20:41:38 Region: 0, Pool: 8, Size: 1
 九  20 20:41:38 Attempting to allocate 8 bytes
 九  20 20:41:38 Region: 0, Pool: 8, Size: 1
 九  20 20:41:38 Attempting to allocate 72 bytes
 九  20 20:41:38 Region: 0, Pool: 72, Size: 1
 九  20 20:41:38 Attempting to allocate 3 bytes
 九  20 20:41:38 Region: 0, Pool: 3, Size: 1
 九  20 20:41:38 Attempting to allocate 48 bytes
 九  20 20:41:38 Region: 0, Pool: 48, Size: 1
 九  20 20:41:38 Attempting to allocate 8 bytes
 九  20 20:41:38 Region: 0, Pool: 8, Size: 1
 九  20 20:41:38 Attempting to allocate 120 bytes
 九  20 20:41:38 Region: 0, Pool: 120, Size: 1
 九  20 20:41:38 Attempting to allocate 16 bytes
 九  20 20:41:38 Region: 0, Pool: 16, Size: 1
 九  20 20:41:38 Attempting to allocate 112 bytes
 九  20 20:41:38 Region: 0, Pool: 112, Size: 1
 九  20 20:41:38 Attempting to allocate 1 bytes
 九  20 20:41:38 Region: 0, Pool: 1, Size: 1
 九  20 20:41:38 Attempting to allocate 40 bytes
 九  20 20:41:38 Region: 0, Pool: 40, Size: 1
 九  20 20:41:38 Attempting to allocate 3 bytes
 九  20 20:41:38 Region: 0, Pool: 3, Size: 1
 九  20 20:41:38 Attempting to allocate 112 bytes
 九  20 20:41:38 Region: 0, Pool: 112, Size: 1
 九  20 20:41:38 Attempting to allocate 1 bytes
 九  20 20:41:38 Region: 0, Pool: 1, Size: 1
 九  20 20:41:38 Attempting to allocate 40 bytes
 九  20 20:41:38 Region: 0, Pool: 40, Size: 1
 九  20 20:41:38 Attempting to allocate 3 bytes
 九  20 20:41:38 Region: 0, Pool: 3, Size: 1
 九  20 20:41:38 Attempting to allocate 176 bytes
 九  20 20:41:38 Region: 0, Pool: 176, Size: 1
 九  20 20:41:38 Attempting to allocate 8 bytes
 九  20 20:41:38 Region: 0, Pool: 8, Size: 1
 九  20 20:41:38 Attempting to allocate 88 bytes
 九  20 20:41:38 Region: 0, Pool: 88, Size: 1
 九  20 20:41:38 Attempting to allocate 8 bytes
 九  20 20:41:38 Region: 0, Pool: 8, Size: 1
 九  20 20:41:38 Attempting to allocate 40 bytes
 九  20 20:41:38 Region: 0, Pool: 40, Size: 1
 九  20 20:41:38 Attempting to allocate 40 bytes
 九  20 20:41:38 Region: 0, Pool: 40, Size: 1
 九  20 20:41:38 Attempting to allocate 40 bytes
 九  20 20:41:38 Region: 0, Pool: 40, Size: 1
 九  20 20:41:38 Attempting to allocate 48 bytes
 九  20 20:41:38 Region: 0, Pool: 48, Size: 1
 九  20 20:41:38 Attempting to allocate 8 bytes
 九  20 20:41:38 Region: 0, Pool: 8, Size: 1
 九  20 20:41:38 Attempting to allocate 40 bytes
 九  20 20:41:38 Region: 0, Pool: 40, Size: 1
 九  20 20:41:38 Attempting to allocate 120 bytes
 九  20 20:41:38 Region: 0, Pool: 120, Size: 1
 九  20 20:41:38 <MeasurementTimingConfiguration>
 九  20 20:41:38     <criticalExtensions>
 九  20 20:41:38         <c1>
 九  20 20:41:38             <measTimingConf>
 九  20 20:41:38                 <measTiming>
 九  20 20:41:38                     <MeasTiming>
 九  20 20:41:38                         <frequencyAndTiming>
 九  20 20:41:38                             <carrierFreq>630432</carrierFreq>
 九  20 20:41:38                             <ssbSubcarrierSpacing><kHz30/></ssbSubcarrierSpacing>
 九  20 20:41:38                             <ssb-MeasurementTimingConfiguration>
 九  20 20:41:38                                 <periodicityAndOffset>
 九  20 20:41:38                                     <sf20>0</sf20>
 九  20 20:41:38                                 </periodicityAndOffset>
 九  20 20:41:38                                 <duration><sf5/></duration>
 九  20 20:41:38                             </ssb-MeasurementTimingConfiguration>
 九  20 20:41:38                         </frequencyAndTiming>
 九  20 20:41:38                     </MeasTiming>
 九  20 20:41:38                 </measTiming>
 九  20 20:41:38             </measTimingConf>
 九  20 20:41:38         </c1>
 九  20 20:41:38     </criticalExtensions>
 九  20 20:41:38 </MeasurementTimingConfiguration>
 九  20 20:41:38 
 九  20 20:41:38 DEBUG   -->  F1AP : Created APER encoded buffer for Measurement Timing Configuration 
 九  20 20:41:38 101133ffffffd4520Attempting to allocate 7 bytes
 九  20 20:41:38 Region: 0, Pool: 7, Size: 1
 九  20 20:41:38 Attempting to allocate 112 bytes
 九  20 20:41:38 Region: 0, Pool: 112, Size: 1
 九  20 20:41:38 Attempting to allocate 3 bytes
 九  20 20:41:38 Region: 0, Pool: 3, Size: 1
 九  20 20:41:38 Attempting to allocate 87 bytes
 九  20 20:41:38 Region: 0, Pool: 87, Size: 1
 九  20 20:41:38 Attempting to allocate 1 bytes
 九  20 20:41:38 Region: 0, Pool: 1, Size: 1
 九  20 20:41:38 Attempting to allocate 48 bytes
 九  20 20:41:38 Region: 0, Pool: 48, Size: 1
 九  20 20:41:38 Attempting to allocate 8 bytes
 九  20 20:41:38 Region: 0, Pool: 8, Size: 1
 九  20 20:41:38 Attempting to allocate 112 bytes
 九  20 20:41:38 Region: 0, Pool: 112, Size: 1
 九  20 20:41:38 Attempting to allocate 3 bytes
 九  20 20:41:38 Region: 0, Pool: 3, Size: 1
 九  20 20:41:38 <F1AP-PDU>
 九  20 20:41:38     <initiatingMessage>
 九  20 20:41:38         <procedureCode>1</procedureCode>
 九  20 20:41:38         <criticality><reject/></criticality>
 九  20 20:41:38         <value>
 九  20 20:41:38             <F1SetupRequest>
 九  20 20:41:38                 <protocolIEs>
 九  20 20:41:38                     <F1SetupRequestIEs>
 九  20 20:41:38                         <id>78</id>
 九  20 20:41:38                         <criticality><reject/></criticality>
 九  20 20:41:38                         <value>
 九  20 20:41:38                             <TransactionID>1</TransactionID>
 九  20 20:41:38                         </value>
 九  20 20:41:38                     </F1SetupRequestIEs>
 九  20 20:41:38                     <F1SetupRequestIEs>
 九  20 20:41:38                         <id>42</id>
 九  20 20:41:38                         <criticality><reject/></criticality>
 九  20 20:41:38                         <value>
 九  20 20:41:38                             <GNB-DU-ID>1</GNB-DU-ID>
 九  20 20:41:38                         </value>
 九  20 20:41:38                     </F1SetupRequestIEs>
 九  20 20:41:38                     <F1SetupRequestIEs>
 九  20 20:41:38                         <id>45</id>
 九  20 20:41:38                         <criticality><ignore/></criticality>
 九  20 20:41:38                         <value>
 九  20 20:41:38                             <GNB-DU-Name>ORAN OAM DU</GNB-DU-Name>
 九  20 20:41:38                         </value>
 九  20 20:41:38                     </F1SetupRequestIEs>
 九  20 20:41:38                     <F1SetupRequestIEs>
 九  20 20:41:38                         <id>44</id>
 九  20 20:41:38                         <criticality><reject/></criticality>
 九  20 20:41:38                         <value>
 九  20 20:41:38                             <GNB-DU-Served-Cells-List>
 九  20 20:41:38                                 <ProtocolIE-SingleContainer>
 九  20 20:41:38                                     <id>43</id>
 九  20 20:41:38                                     <criticality><reject/></criticality>
 九  20 20:41:38                                     <value>
 九  20 20:41:38                                         <GNB-DU-Served-Cells-Item>
 九  20 20:41:38                                             <served-Cell-Information>
 九  20 20:41:38                                                 <nRCGI>
 九  20 20:41:38                                                     <pLMN-Identity>00 F1 10</pLMN-Identity>
 九  20 20:41:38                                                     <nRCellIdentity>
 九  20 20:41:38                                                         000000000000000000000000000000000001
 九  20 20:41:38                                                     </nRCellIdentity>
 九  20 20:41:38                                                 </nRCGI>
 九  20 20:41:38                                                 <nRPCI>1</nRPCI>
 九  20 20:41:38                                                 <fiveGS-TAC>00 00 01</fiveGS-TAC>
 九  20 20:41:38                                                 <servedPLMNs>
 九  20 20:41:38                                                     <ServedPLMNs-Item>
 九  20 20:41:38                                                         <pLMN-Identity>00 F1 10</pLMN-Identity>
 九  20 20:41:38                                                         <iE-Extensions>
 九  20 20:41:38                                                             <ServedPLMNs-ItemExtIEs>
 九  20 20:41:38                                                                 <id>131</id>
 九  20 20:41:38                                                                 <criticality><ignore/></criticality>
 九  20 20:41:38                                                                 <extensionValue>
 九  20 20:41:38                                                                     <SliceSupportList>
 九  20 20:41:38                                                                         <SliceSupportItem>
 九  20 20:41:38                                                                             <sNSSAI>
 九  20 20:41:38                                                                                 <sST>01</sST>
 九  20 20:41:38                                                                                 <sD>02 03 04</sD>
 九  20 20:41:38                                                                             </sNSSAI>
 九  20 20:41:38                                                                         </SliceSupportItem>
 九  20 20:41:38                                                                         <SliceSupportItem>
 九  20 20:41:38                                                                             <sNSSAI>
 九  20 20:41:38                                                                                 <sST>05</sST>
 九  20 20:41:38                                                                                 <sD>06 07 08</sD>
 九  20 20:41:38                                                                             </sNSSAI>
 九  20 20:41:38                                                                         </SliceSupportItem>
 九  20 20:41:38                                                                     </SliceSupportList>
 九  20 20:41:38                                                                 </extensionValue>
 九  20 20:41:38                                                             </ServedPLMNs-ItemExtIEs>
 九  20 20:41:38                                                         </iE-Extensions>
 九  20 20:41:38                                                     </ServedPLMNs-Item>
 九  20 20:41:38                                                 </servedPLMNs>
 九  20 20:41:38                                                 <nR-Mode-Info>
 九  20 20:41:38                                                     <tDD>
 九  20 20:41:38                                                         <nRFreqInfo>
 九  20 20:41:38                                                             <nRARFCN>623400</nRARFCN>
 九  20 20:41:38                                                             <freqBandListNr>
 九  20 20:41:38                                                                 <FreqBandNrItem>
 九  20 20:41:38                                                                     <freqBandIndicatorNr>78</freqBandIndicatorNr>
 九  20 20:41:38                                                                     <supportedSULBandList>
 九  20 20:41:38                                                                         <SupportedSULFreqBandItem>
 九  20 20:41:38                                                                             <freqBandIndicatorNr>2</freqBandIndicatorNr>
 九  20 20:41:38                                                                         </SupportedSULFreqBandItem>
 九  20 20:41:38                                                                     </supportedSULBandList>
 九  20 20:41:38                                                                 </FreqBandNrItem>
 九  20 20:41:38                                                             </freqBandListNr>
 九  20 20:41:38                                                         </nRFreqInfo>
 九  20 20:41:38                                                         <transmission-Bandwidth>
 九  20 20:41:38                                                             <nRSCS><scs30/></nRSCS>
 九  20 20:41:38                                                             <nRNRB><nrb273/></nRNRB>
 九  20 20:41:38                                                         </transmission-Bandwidth>
 九  20 20:41:38                                                     </tDD>
 九  20 20:41:38                                                 </nR-Mode-Info>
 九  20 20:41:38                                                 <measurementTimingConfiguration>10 11 33 D4 05 02 00</measurementTimingConfiguration>
 九  20 20:41:38                                             </served-Cell-Information>
 九  20 20:41:38                                             <gNB-DU-System-Information>
 九  20 20:41:38                                                 <mIB-message>02 0C 0C</mIB-message>
 九  20 20:41:38                                                 <sIB1-message>
 九  20 20:41:38                                                     64 80 0A 02 08 00 80 40 00 00 40 00 00 00 06 90 
 九  20 20:41:38                                                     84 D0 56 00 00 26 96 70 CB 35 DE 01 B8 20 10 00 
 九  20 20:41:38                                                     00 40 40 00 20 D2 1C 8D 87 21 D3 30 00 08 00 00 
 九  20 20:41:38                                                     9A 72 73 86 59 95 18 80 06 B5 33 5F 72 70 12 4E 
 九  20 20:41:38                                                     71 2A 63 5B C6 A9 8D 52 5C 2E 00 50 E1 D0 08 2C 
 九  20 20:41:38                                                     07 60 12 23 37 B1 0C
 九  20 20:41:38                                                 </sIB1-message>
 九  20 20:41:38                                             </gNB-DU-System-Information>
 九  20 20:41:38                                         </GNB-DU-Served-Cells-Item>
 九  20 20:41:38                                     </value>
 九  20 20:41:38                                 </ProtocolIE-SingleContainer>
 九  20 20:41:38                             </GNB-DU-Served-Cells-List>
 九  20 20:41:38                         </value>
 九  20 20:41:38                     </F1SetupRequestIEs>
 九  20 20:41:38                     <F1SetupRequestIEs>
 九  20 20:41:38                         <id>171</id>
 九  20 20:41:38                         <criticality><reject/></criticality>
 九  20 20:41:38                         <value>
 九  20 20:41:38                             <RRC-Version>
 九  20 20:41:38                                 <latest-RRC-Version>
 九  20 20:41:38                                     000
 九  20 20:41:38                                 </latest-RRC-Version>
 九  20 20:41:38                                 <iE-Extensions>
 九  20 20:41:38                                     <RRC-Version-ExtIEs>
 九  20 20:41:38                                         <id>199</id>
 九  20 20:41:38                                         <criticality><reject/></criticality>
 九  20 20:41:38                                         <extensionValue>
 九  20 20:41:38                                             <Latest-RRC-Version-Enhanced>0F 05 00</Latest-RRC-Version-Enhanced>
 九  20 20:41:38                                         </extensionValue>
 九  20 20:41:38                                     </RRC-Version-ExtIEs>
 九  20 20:41:38                                 </iE-Extensions>
 九  20 20:41:38                             </RRC-Version>
 九  20 20:41:38                         </value>
 九  20 20:41:38                     </F1SetupRequestIEs>
 九  20 20:41:38                 </protocolIEs>
 九  20 20:41:38             </F1SetupRequest>
 九  20 20:41:38         </value>
 九  20 20:41:38     </initiatingMessage>
 九  20 20:41:38 </F1AP-PDU>
 九  20 20:41:38 
 九  20 20:41:38 DEBUG   -->  F1AP : Created APER encoded buffer for F1SetupRequest
 九  20 20:41:38 010ffffff80ffffffd200504e020102a020102d40d504f52414e204f414d20445502c0ffffff80ffffff9f0002b0ffffff80ffffff984800fffffff1100000100100180fffffff110000ffffff8340c01402023440ffffffa06784109ffffff8328004d4001bffffff807101133ffffffd4520032cc5764ffffff80a280ffffff804000400006ffffff90ffffff84ffffffd0560026ffffff9670ffffffcb35ffffffde1ffffffb82010004040020ffffffd21cffffff8dffffff8721ffffffd3300800ffffff9a7273ffffff8659ffffff9518ffffff806ffffffb5335f7270124e712a635bffffffc6ffffffa9ffffff8d525c2e050ffffffe1ffffffd082c760122337ffffffb1c0ffffffab0affffff80000ffffffc703f50Attempting to allocate 48 bytes
 九  20 20:41:38 Region: 0, Pool: 48, Size: 1
 九  20 20:41:38 Attempting to allocate 215 bytes
 九  20 20:41:38 Region: 0, Pool: 215, Size: 1
 九  20 20:41:38 Attempting to allocate 24 bytes
 九  20 20:41:38 Region: 0, Pool: 24, Size: 1
 九  20 20:41:38 
 九  20 20:41:38 DEBUG  --> SCTP : sending the message to CU
 九  20 20:41:38 DEBUG   -->  DU_APP : EGTP configuraton complete
 九  20 20:41:38 DEBUG   -->  DU_APP : Sending EGTP server open request
 九  20 20:41:38 DEBUG  -->  EGTP : Received EGTP open server request
 九  20 20:41:38 DEBUG   -->  EGTP : Socket [7] is open
 九  20 20:41:38 DEBUG   -->  EGTP : Starting Socket Polling
 九  20 20:41:38 DEBUG   -->  DU_APP : EGTP server opened successfully
 九  20 20:41:38 DEBUG   -->  SCTP : Forwarding received message to duApp
 九  20 20:41:38 INFO  -->  F1AP : Received F1AP message bufferAttempting to allocate 73 bytes
 九  20 20:41:38 Region: 0, Pool: 73, Size: 1
 九  20 20:41:38 
 九  20 20:41:38 DEBUG   -->  F1AP : Received flat buffer to be decoded : 40104500304e020105240106ffffff80674e422d45757265636f6d2d435503024000401e600fffffff11000001001000760d00904010ffffff900ffffffa0ffffff94400
 九  20 20:41:38 <F1AP-PDU>
 九  20 20:41:38     <successfulOutcome>
 九  20 20:41:38         <procedureCode>1</procedureCode>
 九  20 20:41:38         <criticality><reject/></criticality>
 九  20 20:41:38         <value>
 九  20 20:41:38             <F1SetupResponse>
 九  20 20:41:38                 <protocolIEs>
 九  20 20:41:38                     <F1SetupResponseIEs>
 九  20 20:41:38                         <id>78</id>
 九  20 20:41:38                         <criticality><reject/></criticality>
 九  20 20:41:38                         <value>
 九  20 20:41:38                             <TransactionID>1</TransactionID>
 九  20 20:41:38                         </value>
 九  20 20:41:38                     </F1SetupResponseIEs>
 九  20 20:41:38                     <F1SetupResponseIEs>
 九  20 20:41:38                         <id>82</id>
 九  20 20:41:38                         <criticality><ignore/></criticality>
 九  20 20:41:38                         <value>
 九  20 20:41:38                             <GNB-CU-Name>gNB-Eurecom-CU</GNB-CU-Name>
 九  20 20:41:38                         </value>
 九  20 20:41:38                     </F1SetupResponseIEs>
 九  20 20:41:38                     <F1SetupResponseIEs>
 九  20 20:41:38                         <id>3</id>
 九  20 20:41:38                         <criticality><reject/></criticality>
 九  20 20:41:38                         <value>
 九  20 20:41:38                             <Cells-to-be-Activated-List>
 九  20 20:41:38                                 <ProtocolIE-SingleContainer>
 九  20 20:41:38                                     <id>4</id>
 九  20 20:41:38                                     <criticality><reject/></criticality>
 九  20 20:41:38                                     <value>
 九  20 20:41:38                                         <Cells-to-be-Activated-List-Item>
 九  20 20:41:38                                             <nRCGI>
 九  20 20:41:38                                                 <pLMN-Identity>00 F1 10</pLMN-Identity>
 九  20 20:41:38                                                 <nRCellIdentity>
 九  20 20:41:38                                                     000000000000000000000000000000000001
 九  20 20:41:38                                                 </nRCellIdentity>
 九  20 20:41:38                                             </nRCGI>
 九  20 20:41:38                                             <nRPCI>1</nRPCI>
 九  20 20:41:38                                             <iE-Extensions>
 九  20 20:41:38                                                 <Cells-to-be-Activated-List-ItemExtIEs>
 九  20 20:41:38                                                     <id>118</id>
 九  20 20:41:38                                                     <criticality><reject/></criticality>
 九  20 20:41:38                                                     <extensionValue>
 九  20 20:41:38                                                         <GNB-CUSystemInformation>
 九  20 20:41:38                                                             <sibtypetobeupdatedlist>
 九  20 20:41:38                                                                 <SibtypetobeupdatedListItem>
 九  20 20:41:38                                                                     <sIBtype>2</sIBtype>
 九  20 20:41:38                                                                     <sIBmessage>00 40 01 00 90 00 A0 94 40</sIBmessage>
 九  20 20:41:38                                                                     <valueTag>0</valueTag>
 九  20 20:41:38                                                                 </SibtypetobeupdatedListItem>
 九  20 20:41:38                                                             </sibtypetobeupdatedlist>
 九  20 20:41:38                                                         </GNB-CUSystemInformation>
 九  20 20:41:38                                                     </extensionValue>
 九  20 20:41:38                                                 </Cells-to-be-Activated-List-ItemExtIEs>
 九  20 20:41:38                                             </iE-Extensions>
 九  20 20:41:38                                         </Cells-to-be-Activated-List-Item>
 九  20 20:41:38                                     </value>
 九  20 20:41:38                                 </ProtocolIE-SingleContainer>
 九  20 20:41:38                             </Cells-to-be-Activated-List>
 九  20 20:41:38                         </value>
 九  20 20:41:38                     </F1SetupResponseIEs>
 九  20 20:41:38                 </protocolIEs>
 九  20 20:41:38             </F1SetupResponse>
 九  20 20:41:38         </value>
 九  20 20:41:38     </successfulOutcome>
 九  20 20:41:38 </F1AP-PDU>
 九  20 20:41:38 
 九  20 20:41:38 INFO   -->  F1AP : F1 Setup Response received
 九  20 20:41:38 [DU UTILS] --> Gen Buffer
 九  20 20:41:38 DEBUG  -->  DU-APP : MAC CELL config sent
 九  20 20:41:38 INFO   -->  DU_APP : F1 Setup Response received
 九  20 20:41:38 [MacActvTsk] Recieved pst from eb
 九  20 20:41:38 [MacActvTsk] Recieved pst from DUAPP, event is 200
 九  20 20:41:38 Attempting to allocate 73 bytes
 九  20 20:41:38 Region: 0, Pool: 73, Size: 1
 九  20 20:41:38 
 九  20 20:41:38 INFO  -->  SCH : Cell init completed for cellId:1
 九  20 20:41:38 INFO  -->  MAC : Received SCH CELL config confirm at MAC
 九  20 20:41:38 [NTUST] schCellCfgCfm->rsp = 0
 九  20 20:41:38 [NTUST] pnf_state_lock->flag = 0
 九  20 20:41:38 [Small Cell] The NFAPI flag is set to YES and waiting for PNF connection ...
 九  20 20:41:40 
 九  20 20:41:40 [NFAPI] VNF Interface --> Accepting connection from PNF...
 九  20 20:41:40 
 九  20 20:41:40 [NFAPI] VNF Interface --> PNF connection (fd:8) accepted from 127.0.0.1:33538 
 九  20 20:41:40 
 九  20 20:41:40 [NFAPI] VNF Interface --> MALLOC nfapi_vnf_pnf_info_t for pnf_list pnf:0x710a20001130
 九  20 20:41:40 
 九  20 20:41:40 [INFO]   --> [VNF_Interface] 1 in nfapi_nr_vnf_start
 九  20 20:41:40 INFO   --> [VNF] pnf connection indication idx:0
 九  20 20:41:40 
 九  20 20:41:40  MESSAGE SENT: 
 九  20 20:41:40  00  00  01  00  00  00  00  00 
 九  20 20:41:40 
 九  20 20:41:40 [NFAPI] VNF Interface --> VNF Association ID = 2268
 九  20 20:41:40 
 九  20 20:41:40 [NFAPI] VNF Interface --> VNF Receiver window size = 67108856
 九  20 20:41:40 
 九  20 20:41:40 [NFAPI] VNF Interface --> VNF In Streams = 5
 九  20 20:41:40 
 九  20 20:41:40 [NFAPI] VNF Interface --> VNF Out Streams = 5
 九  20 20:41:40 
 九  20 20:41:40 [NFAPI VNF]  ->  Func : vnf_nr_read_dispatch_message
 九  20 20:41:40 messageHeader.message_id = 257
 九  20 20:41:40 
 九  20 20:41:40 INFO   --> [VNF] pnf param response idx:0 error:0
 九  20 20:41:40 
 九  20 20:41:40 INFO   --> [VNF] (PHY:0) phy_config_idx:0
 九  20 20:41:40 
 九  20 20:41:40 INFO   --> [VNF] (PHY:0) (RF0) 0
 九  20 20:41:40 
 九  20 20:41:40 INFO   --> [VNF] (PHY:0) (RF1) 0
 九  20 20:41:40 
 九  20 20:41:40 INFO   --> Hard coded num phy rf to 2
 九  20 20:41:40 
 九  20 20:41:40  MESSAGE SENT: 
 九  20 20:41:40  00  00  01  02  00  15  00  00  00  10  03  00  0e  00  02  00  01  00  00  00  00  00  00  00  00  00  00  00  00 
 九  20 20:41:40 
 九  20 20:41:40 [NFAPI VNF]  ->  Func : vnf_nr_read_dispatch_message
 九  20 20:41:40 messageHeader.message_id = 259
 九  20 20:41:40 
 九  20 20:41:40 INFO   --> [VNF] pnf config response idx:0 resp[header[phy_id:0 message_id:103 message_length:1]]
 九  20 20:41:40 
 九  20 20:41:40  MESSAGE SENT: 
 九  20 20:41:40  00  00  01  04  00  00  00  00 
 九  20 20:41:40 
 九  20 20:41:40 [NFAPI VNF]  ->  Func : vnf_nr_read_dispatch_message
 九  20 20:41:40 messageHeader.message_id = 261
 九  20 20:41:40 
 九  20 20:41:40 INFO   --> [VNF] pnf start response idx:0 config:0x56300d028420 user_data:0x710a8e000010 p7_vnf[config:0x56300d027480 thread_started:0]
 九  20 20:41:40 
 九  20 20:41:40 INFO   --> [VNF] Sending NFAPI_VNF_PARAM_REQUEST phy_id:1
 九  20 20:41:40 
 九  20 20:41:40  MESSAGE SENT: 
 九  20 20:41:40  00  01  00  00  00  00  00  00 
 九  20 20:41:40 Calling sched_setscheduler(79)
 九  20 20:41:40 
 九  20 20:41:40 [NFAPI VNF]  ->  Func : vnf_nr_read_dispatch_message
 九  20 20:41:40 messageHeader.message_id = 1
 九  20 20:41:40 
 九  20 20:41:40 [NFAPI VNF]  ->  Received PARAM_RESPONSE
 九  20 20:41:40 [NFAPI VNF]  ->  PNF P7 IPv4 address: 127.0.0.2
 九  20 20:41:40 [NFAPI VNF]  ->  PNF P7 IPv6 address: ::
 九  20 20:41:40 [NFAPI VNF]  ->  PNF P7 Port: 23235
 九  20 20:41:40 [NFAPI VNF]  ->  Invoke the nr_param_resp
 九  20 20:41:40 [NFAPI VNF]  ->  The PNF has been running, set FALG to 0
 九  20 20:41:40 [NFAPI VNF]  ->  The PNF has been running, set FALG to 1
 九  20 20:41:40 INFO  -->  LWR_MAC : phyState :  0 in msgType : 2
 九  20 20:41:40 INFO  -->  NFAPI : pnfState :  0
 九  20 20:41:40 lwr_mac_procConfigReqEvt
 九  20 20:41:40 
 九  20 20:41:40 INFO  -->  LWR_MAC: Received EVENT[2] at STATE[0]
 九  20 20:41:40 DEBUG  -->  sfn 0
 九  20 20:41:40 DEBUG  -->  *mibPdu 1
 九  20 20:41:40 DEBUG  -->  LWR_MAC: mibPdu 0
 九  20 20:41:40 DEBUG  -->  LWR_MAC: MIB PDU 6060100
 九  20 20:41:40 123
 九  20 20:41:40 [DEBUG] -> intgr_fapi_config being called
 九  20 20:41:40 
 九  20 20:41:40 INFO   --> [VNF] Received NFAPI_PARAM_RESP idx:0 phy_id:1
 九  20 20:41:40 
 九  20 20:41:40 INFO   --> [VNF] 0.1 pnf p7 127.0.0.2:23235 timing 30 1 0 1
 九  20 20:41:40 
 九  20 20:41:40 nfapi_vnf_p7_add_pnf(config:0x56300d027480 phy_id:1 pnf_addr:127.0.0.2 pnf_p7_port:23235)
 九  20 20:41:40 
 九  20 20:41:40 INFO   --> [VNF] Send NFAPI_CONFIG_REQUEST
 九  20 20:41:40 
 九  20 20:41:40 INFO   --> [VNF] Local_port:46021
 九  20 20:41:40 
 九  20 20:41:40 INFO   --> [VNF] Local_addr:127.0.0.1
 九  20 20:41:40 
 九  20 20:41:40 INFO   --> 
 九  20 20:41:40 [VNF]Timing window tag : 286 Timing window:30
 九  20 20:41:40 
 九  20 20:41:40 [NFAPI P5]  ->  Number of TLVs in ORAN_OAI: 175
 九  20 20:41:40 [NFAPI P5]  ->  TAG 0x1001 with value 100 and length 2
 九  20 20:41:40 [NFAPI P5]  ->  TAG 0x1002 with value 3600120 and length 4
 九  20 20:41:40 [NFAPI P5]  ->  TAG 0x1005 with value 1 and length 2
 九  20 20:41:40 [NFAPI P5]  ->  TAG 0x1006 with value 100 and length 2
 九  20 20:41:40 [NFAPI P5]  ->  TAG 0x1007 with value 3600120 and length 4
 九  20 20:41:40 [NFAPI P5]  ->  TAG 0x100a with value 1 and length 2
 九  20 20:41:40 [NFAPI P5]  ->  TAG 0x100c with value 1 and length 2
 九  20 20:41:40 [NFAPI P5]  ->  TAG 0x100d with value 1 and length 1
 九  20 20:41:40 [NFAPI P5]  ->  TAG 0x100e with value 4294967271 and length 4
 九  20 20:41:40 [NFAPI P5]  ->  TAG 0x100f with value 1 and length 1
 九  20 20:41:40 [NFAPI P5]  ->  TAG 0x1010 with value 1 and length 1
 九  20 20:41:40 [NFAPI P5]  ->  TAG 0x1011 with value 1 and length 1
 九  20 20:41:40 [NFAPI P5]  ->  TAG 0x1012 with value 1 and length 1
 九  20 20:41:40 [NFAPI P5]  ->  TAG 0x1013 with value 0 and length 1
 九  20 20:41:40 [NFAPI P5]  ->  TAG 0x1014 with value 1 and length 1
 九  20 20:41:40 [NFAPI P5]  ->  TAG 0x1029 with value 98 and length 1
 九  20 20:41:40 [NFAPI P5]  ->  TAG 0x1015 with value 1 and length 2
 九  20 20:41:40 [NFAPI P5]  ->  TAG 0x1016 with value 16 and length 1
 九  20 20:41:40 [NFAPI P5]  ->  TAG 0x1017 with value 0 and length 2
 九  20 20:41:40 [NFAPI P5]  ->  TAG 0x1018 with value 13 and length 1
 九  20 20:41:40 [NFAPI P5]  ->  TAG 0x1019 with value 0 and length 2
 九  20 20:41:40 [NFAPI P5]  ->  TAG 0x101b with value 3 and length 1
 九  20 20:41:40 [NFAPI P5]  ->  TAG 0x101c with value 0 and length 1
 九  20 20:41:40 [NFAPI P5]  ->  TAG 0x101d with value 86 and length 2
 九  20 20:41:40 [NFAPI P5]  ->  TAG 0x101f with value 2 and length 1
 九  20 20:41:40 [NFAPI P5]  ->  TAG 0x1020 with value 0 and length 1
 九  20 20:41:40 [NFAPI P5]  ->  TAG 0x1021 with value 0 and length 4
 九  20 20:41:40 [NFAPI P5]  ->  TAG 0x1022 with value 2147483648 and length 4
 九  20 20:41:40 [NFAPI P5]  ->  TAG 0x1023 with value 0 and length 1
 九  20 20:41:40 [NFAPI P5]  ->  TAG 0x1026 with value 6 and length 1
 九  20 20:41:40 [NFAPI P5]  ->  TAG 0x1028 with value 1 and length 1
 九  20 20:41:40 [NFAPI P5]  ->  TAG 0x1027 with value 0 and length 1
 九  20 20:41:40 [NFAPI P5]  ->  TAG 0x1027 with value 0 and length 1
 九  20 20:41:40 [NFAPI P5]  ->  TAG 0x1027 with value 0 and length 1
 九  20 20:41:40 [NFAPI P5]  ->  TAG 0x1027 with value 0 and length 1
 九  20 20:41:40 [NFAPI P5]  ->  TAG 0x1027 with value 0 and length 1
 九  20 20:41:40 [NFAPI P5]  ->  TAG 0x1027 with value 0 and length 1
 九  20 20:41:40 [NFAPI P5]  ->  TAG 0x1027 with value 0 and length 1
 九  20 20:41:40 [NFAPI P5]  ->  TAG 0x1027 with value 0 and length 1
 九  20 20:41:40 [NFAPI P5]  ->  TAG 0x1027 with value 0 and length 1
 九  20 20:41:40 [NFAPI P5]  ->  TAG 0x1027 with value 0 and length 1
 九  20 20:41:40 [NFAPI P5]  ->  TAG 0x1027 with value 0 and length 1
 九  20 20:41:40 [NFAPI P5]  ->  TAG 0x1027 with value 0 and length 1
 九  20 20:41:40 [NFAPI P5]  ->  TAG 0x1027 with value 0 and length 1
 九  20 20:41:40 [NFAPI P5]  ->  TAG 0x1027 with value 0 and length 1
 九  20 20:41:40 [NFAPI P5]  ->  TAG 0x1027 with value 0 and length 1
 九  20 20:41:40 [NFAPI P5]  ->  TAG 0x1027 with value 0 and length 1
 九  20 20:41:40 [NFAPI P5]  ->  TAG 0x1027 with value 0 and length 1
 九  20 20:41:40 [NFAPI P5]  ->  TAG 0x1027 with value 0 and length 1
 九  20 20:41:40 [NFAPI P5]  ->  TAG 0x1027 with value 0 and length 1
 九  20 20:41:40 [NFAPI P5]  ->  TAG 0x1027 with value 0 and length 1
 九  20 20:41:40 [NFAPI P5]  ->  TAG 0x1027 with value 0 and length 1
 九  20 20:41:40 [NFAPI P5]  ->  TAG 0x1027 with value 0 and length 1
 九  20 20:41:40 [NFAPI P5]  ->  TAG 0x1027 with value 0 and length 1
 九  20 20:41:40 [NFAPI P5]  ->  TAG 0x1027 with value 0 and length 1
 九  20 20:41:40 [NFAPI P5]  ->  TAG 0x1027 with value 0 and length 1
 九  20 20:41:40 [NFAPI P5]  ->  TAG 0x1027 with value 0 and length 1
 九  20 20:41:40 [NFAPI P5]  ->  TAG 0x1027 with value 0 and length 1
 九  20 20:41:40 [NFAPI P5]  ->  TAG 0x1027 with value 0 and length 1
 九  20 20:41:40 [NFAPI P5]  ->  TAG 0x1027 with value 0 and length 1
 九  20 20:41:40 [NFAPI P5]  ->  TAG 0x1027 with value 0 and length 1
 九  20 20:41:40 [NFAPI P5]  ->  TAG 0x1027 with value 0 and length 1
 九  20 20:41:40 [NFAPI P5]  ->  TAG 0x1027 with value 0 and length 1
 九  20 20:41:40 [NFAPI P5]  ->  TAG 0x1027 with value 0 and length 1
 九  20 20:41:40 [NFAPI P5]  ->  TAG 0x1027 with value 0 and length 1
 九  20 20:41:40 [NFAPI P5]  ->  TAG 0x1027 with value 0 and length 1
 九  20 20:41:40 [NFAPI P5]  ->  TAG 0x1027 with value 0 and length 1
 九  20 20:41:40 [NFAPI P5]  ->  TAG 0x1027 with value 0 and length 1
 九  20 20:41:40 [NFAPI P5]  ->  TAG 0x1027 with value 0 and length 1
 九  20 20:41:40 [NFAPI P5]  ->  TAG 0x1027 with value 0 and length 1
 九  20 20:41:40 [NFAPI P5]  ->  TAG 0x1027 with value 0 and length 1
 九  20 20:41:40 [NFAPI P5]  ->  TAG 0x1027 with value 0 and length 1
 九  20 20:41:40 [NFAPI P5]  ->  TAG 0x1027 with value 0 and length 1
 九  20 20:41:40 [NFAPI P5]  ->  TAG 0x1027 with value 0 and length 1
 九  20 20:41:40 [NFAPI P5]  ->  TAG 0x1027 with value 0 and length 1
 九  20 20:41:40 [NFAPI P5]  ->  TAG 0x1027 with value 0 and length 1
 九  20 20:41:40 [NFAPI P5]  ->  TAG 0x1027 with value 0 and length 1
 九  20 20:41:40 [NFAPI P5]  ->  TAG 0x1027 with value 0 and length 1
 九  20 20:41:40 [NFAPI P5]  ->  TAG 0x1027 with value 0 and length 1
 九  20 20:41:40 [NFAPI P5]  ->  TAG 0x1027 with value 0 and length 1
 九  20 20:41:40 [NFAPI P5]  ->  TAG 0x1027 with value 0 and length 1
 九  20 20:41:40 [NFAPI P5]  ->  TAG 0x1027 with value 0 and length 1
 九  20 20:41:40 [NFAPI P5]  ->  TAG 0x1027 with value 0 and length 1
 九  20 20:41:40 [NFAPI P5]  ->  TAG 0x1027 with value 0 and length 1
 九  20 20:41:40 [NFAPI P5]  ->  TAG 0x1027 with value 0 and length 1
 九  20 20:41:40 [NFAPI P5]  ->  TAG 0x1027 with value 0 and length 1
 九  20 20:41:40 [NFAPI P5]  ->  TAG 0x1027 with value 0 and length 1
 九  20 20:41:40 [NFAPI P5]  ->  TAG 0x1027 with value 0 and length 1
 九  20 20:41:40 [NFAPI P5]  ->  TAG 0x1027 with value 0 and length 1
 九  20 20:41:40 [NFAPI P5]  ->  TAG 0x1027 with value 0 and length 1
 九  20 20:41:40 [NFAPI P5]  ->  TAG 0x1027 with value 0 and length 1
 九  20 20:41:40 [NFAPI P5]  ->  TAG 0x1027 with value 0 and length 1
 九  20 20:41:40 [NFAPI P5]  ->  TAG 0x1027 with value 0 and length 1
 九  20 20:41:40 [NFAPI P5]  ->  TAG 0x1027 with value 0 and length 1
 九  20 20:41:40 [NFAPI P5]  ->  TAG 0x1027 with value 0 and length 1
 九  20 20:41:40 [NFAPI P5]  ->  TAG 0x1027 with value 0 and length 1
 九  20 20:41:40 [NFAPI P5]  ->  TAG 0x1027 with value 0 and length 1
 九  20 20:41:40 [NFAPI P5]  ->  TAG 0x1027 with value 0 and length 1
 九  20 20:41:40 [NFAPI P5]  ->  TAG 0x1027 with value 0 and length 1
 九  20 20:41:40 [NFAPI P5]  ->  TAG 0x1027 with value 0 and length 1
 九  20 20:41:40 [NFAPI P5]  ->  TAG 0x1027 with value 0 and length 1
 九  20 20:41:40 [NFAPI P5]  ->  TAG 0x1027 with value 0 and length 1
 九  20 20:41:40 [NFAPI P5]  ->  TAG 0x1027 with value 0 and length 1
 九  20 20:41:40 [NFAPI P5]  ->  TAG 0x1027 with value 0 and length 1
 九  20 20:41:40 [NFAPI P5]  ->  TAG 0x1027 with value 0 and length 1
 九  20 20:41:40 [NFAPI P5]  ->  TAG 0x1027 with value 0 and length 1
 九  20 20:41:40 [NFAPI P5]  ->  TAG 0x1027 with value 0 and length 1
 九  20 20:41:40 [NFAPI P5]  ->  TAG 0x1027 with value 0 and length 1
 九  20 20:41:40 [NFAPI P5]  ->  TAG 0x1027 with value 0 and length 1
 九  20 20:41:40 [NFAPI P5]  ->  TAG 0x1027 with value 0 and length 1
 九  20 20:41:40 [NFAPI P5]  ->  TAG 0x1027 with value 0 and length 1
 九  20 20:41:40 [NFAPI P5]  ->  TAG 0x1027 with value 0 and length 1
 九  20 20:41:40 [NFAPI P5]  ->  TAG 0x1027 with value 0 and length 1
 九  20 20:41:40 [NFAPI P5]  ->  TAG 0x1027 with value 0 and length 1
 九  20 20:41:40 [NFAPI P5]  ->  TAG 0x1027 with value 0 and length 1
 九  20 20:41:40 [NFAPI P5]  ->  TAG 0x1027 with value 0 and length 1
 九  20 20:41:40 [NFAPI P5]  ->  TAG 0x1027 with value 0 and length 1
 九  20 20:41:40 [NFAPI P5]  ->  TAG 0x1027 with value 0 and length 1
 九  20 20:41:40 [NFAPI P5]  ->  TAG 0x1027 with value 0 and length 1
 九  20 20:41:40 [NFAPI P5]  ->  TAG 0x1027 with value 0 and length 1
 九  20 20:41:40 [NFAPI P5]  ->  TAG 0x1027 with value 0 and length 1
 九  20 20:41:40 [NFAPI P5]  ->  TAG 0x1027 with value 0 and length 1
 九  20 20:41:40 [NFAPI P5]  ->  TAG 0x1027 with value 0 and length 1
 九  20 20:41:40 [NFAPI P5]  ->  TAG 0x1027 with value 0 and length 1
 九  20 20:41:40 [NFAPI P5]  ->  TAG 0x1027 with value 0 and length 1
 九  20 20:41:40 [NFAPI P5]  ->  TAG 0x1027 with value 0 and length 1
 九  20 20:41:40 [NFAPI P5]  ->  TAG 0x1027 with value 0 and length 1
 九  20 20:41:40 [NFAPI P5]  ->  TAG 0x1027 with value 0 and length 1
 九  20 20:41:40 [NFAPI P5]  ->  TAG 0x1027 with value 0 and length 1
 九  20 20:41:40 [NFAPI P5]  ->  TAG 0x1027 with value 0 and length 1
 九  20 20:41:40 [NFAPI P5]  ->  TAG 0x1027 with value 0 and length 1
 九  20 20:41:40 [NFAPI P5]  ->  TAG 0x1027 with value 0 and length 1
 九  20 20:41:40 [NFAPI P5]  ->  TAG 0x1027 with value 0 and length 1
 九  20 20:41:40 [NFAPI P5]  ->  TAG 0x1027 with value 0 and length 1
 九  20 20:41:40 [NFAPI P5]  ->  TAG 0x1027 with value 0 and length 1
 九  20 20:41:40 [NFAPI P5]  ->  TAG 0x1027 with value 2 and length 1
 九  20 20:41:40 [NFAPI P5]  ->  TAG 0x1027 with value 2 and length 1
 九  20 20:41:40 [NFAPI P5]  ->  TAG 0x1027 with value 2 and length 1
 九  20 20:41:40 [NFAPI P5]  ->  TAG 0x1027 with value 2 and length 1
 九  20 20:41:40 [NFAPI P5]  ->  TAG 0x1027 with value 1 and length 1
 九  20 20:41:40 [NFAPI P5]  ->  TAG 0x1027 with value 1 and length 1
 九  20 20:41:40 [NFAPI P5]  ->  TAG 0x1027 with value 1 and length 1
 九  20 20:41:40 [NFAPI P5]  ->  TAG 0x1027 with value 1 and length 1
 九  20 20:41:40 [NFAPI P5]  ->  TAG 0x1027 with value 1 and length 1
 九  20 20:41:40 [NFAPI P5]  ->  TAG 0x1027 with value 1 and length 1
 九  20 20:41:40 [NFAPI P5]  ->  TAG 0x1027 with value 1 and length 1
 九  20 20:41:40 [NFAPI P5]  ->  TAG 0x1027 with value 1 and length 1
 九  20 20:41:40 [NFAPI P5]  ->  TAG 0x1027 with value 1 and length 1
 九  20 20:41:40 [NFAPI P5]  ->  TAG 0x1027 with value 1 and length 1
 九  20 20:41:40 [NFAPI P5]  ->  TAG 0x1027 with value 1 and length 1
 九  20 20:41:40 [NFAPI P5]  ->  TAG 0x1027 with value 1 and length 1
 九  20 20:41:40 [NFAPI P5]  ->  TAG 0x1027 with value 1 and length 1
 九  20 20:41:40 [NFAPI P5]  ->  TAG 0x1027 with value 1 and length 1
 九  20 20:41:40 [NFAPI P5]  ->  TAG 0x1027 with value 1 and length 1
 九  20 20:41:40 [NFAPI P5]  ->  TAG 0x1027 with value 1 and length 1
 九  20 20:41:40 [NFAPI P5]  ->  TAG 0x1027 with value 1 and length 1
 九  20 20:41:40 [NFAPI P5]  ->  TAG 0x1027 with value 1 and length 1
 九  20 20:41:40 [NFAPI P5]  ->  TAG 0x1027 with value 1 and length 1
 九  20 20:41:40 [NFAPI P5]  ->  TAG 0x1027 with value 1 and length 1
 九  20 20:41:40 [NFAPI P5]  ->  TAG 0x1027 with value 1 and length 1
 九  20 20:41:40 [NFAPI P5]  ->  TAG 0x1027 with value 1 and length 1
 九  20 20:41:40 [NFAPI P5]  ->  TAG 0x1027 with value 1 and length 1
 九  20 20:41:40 [NFAPI P5]  ->  TAG 0x1027 with value 1 and length 1
 九  20 20:41:40 [NFAPI P5]  ->  TAG 0x1027 with value 1 and length 1
 九  20 20:41:40 [NFAPI P5]  ->  TAG 0x1027 with value 1 and length 1
 九  20 20:41:40 [NFAPI P5]  ->  TAG 0x1027 with value 1 and length 1
 九  20 20:41:40 [NFAPI P5]  ->  TAG 0x1027 with value 1 and length 1
 九  20 20:41:40 [NFAPI P5]  ->  TAG 0x1027 with value 1 and length 1
 九  20 20:41:40 [NFAPI P5]  ->  TAG 0x1027 with value 1 and length 1
 九  20 20:41:40 [NFAPI P5]  ->  TAG 0x1027 with value 1 and length 1
 九  20 20:41:40 [NFAPI P5]  ->  TAG 0x1027 with value 1 and length 1
 九  20 20:41:40 [NTUST]p7_vnf_address_ipv4: 127.0.0.1
 九  20 20:41:40 
 九  20 20:41:40 [NTUST]p7_vnf_port: 50611
 九  20 20:41:40 
 九  20 20:41:40  MESSAGE SENT: 
 九  20 20:41:40  00  01  00  02  05  c1  00  00  b8  10  01  00  02  00  64  00  00  10  02  00  04  00  36  ee  f8  10  03  00  0a  00  00  00  00  00  00  00  00  00  00  00  00  10  04  00  0a  00  00  00  6a  00  00  00  00  00  00  00  00  10  05  00  02  00  01  00  00  10  06  00  02  00  64  00  00  10  07  00  04  00  36  ee  f8  10  08  00  0a  00  00  00  00  00  00  00  00  00  00  00  00  10  09  00  0a  00  00  00  6a  00  00  00  00  00  00  00  00  10  0a  00  02  00  01  00  00  10  0c  00  02  00  01  00  00  10  0d  00  01  01  00  00  00  10  0e  00  04  ff  ff  ff  e7  10  0f  00  01  01  00  00  00  10  10  00  01  01  00  00  00  10  11  00  01  01  00  00  00  10  12  00  01  01  00  00  00  10  13  00  01  00  00  00  00  10  14  00  01  01  00  00  00  10  29  00  01  62  00  00  00  10  15  00  02  00  01  00  00  10  16  00  01  10  00  00  00  10  17  00  02  00  00  00  00  10  18  00  01  0d  00  00  00  10  19  00  02  00  00  00  00  10  1b  00  01  03  00  00  00  10  1c  00  01  00  00  00  00  10  1d  00  02  00  56  00  00  10  1f  00  01  02  00  00  00  10  20  00  01  00  00  00  00  10  21  00  04  00  00  00  00  10  22  00  04  80  00  00  00  10  23  00  01  00  00  00  00  10  26  00  01  06  00  00  00  10  28  00  01  01  00  00  00  10  27  00  01  00  00  00  00  10  27  00  01  00  00  00  00  10  27  00  01  00  00  00  00  10  27  00  01  00  00  00  00  10  27  00  01  00  00  00  00  10  27  00  01  00  00  00  00  10  27  00  01  00  00  00  00  10  27  00  01  00  00  00  00  10  27  00  01  00  00  00  00  10  27  00  01  00  00  00  00  10  27  00  01  00  00  00  00  10  27  00  01  00  00  00  00  10  27  00  01  00  00  00  00  10  27  00  01  00  00  00  00  10  27  00  01  00  00  00  00  10  27  00  01  00  00  00  00  10  27  00  01  00  00  00  00  10  27  00  01  00  00  00  00  10  27  00  01  00  00  00  00  10  27  00  01  00  00  00  00  10  27  00  01  00  00  00  00  10  27  00  01  00  00  00  00  10  27  00  01  00  00  00  00  10  27  00  01  00  00  00  00  10  27  00  01  00  00  00  00  10  27  00  01  00  00  00  00  10  27  00  01  00  00  00  00  10  27  00  01  00  00  00  00  10  27  00  01  00  00  00  00  10  27  00  01  00  00  00  00  10  27  00  01  00  00  00  00  10  27  00  01  00  00  00  00  10  27  00  01  00  00  00  00  10  27  00  01  00  00  00  00  10  27  00  01  00  00  00  00  10  27  00  01  00  00  00  00  10  27  00  01  00  00  00  00  10  27  00  01  00  00  00  00  10  27  00  01  00  00  00  00  10  27  00  01  00  00  00  00  10  27  00  01  00  00  00  00  10  27  00  01  00  00  00  00  10  27  00  01  00  00  00  00  10  27  00  01  00  00  00  00  10  27  00  01  00  00  00  00  10  27  00  01  00  00  00  00  10  27  00  01  00  00  00  00  10  27  00  01  00  00  00  00  10  27  00  01  00  00  00  00  10  27  00  01  00  00  00  00  10  27  00  01  00  00  00  00  10  27  00  01  00  00  00  00  10  27  00  01  00  00  00  00  10  27  00  01  00  00  00  00  10  27  00  01  00  00  00  00  10  27  00  01  00  00  00  00  10  27  00  01  00  00  00  00  10  27  00  01  00  00  00  00  10  27  00  01  00  00  00  00  10  27  00  01  00  00  00  00  10  27  00  01  00  00  00  00  10  27  00  01  00  00  00  00  10  27  00  01  00  00  00  00  10  27  00  01  00  00  00  00  10  27  00  01  00  00  00  00  10  27  00  01  00  00  00  00  10  27  00  01  00  00  00  00  10  27  00  01  00  00  00  00  10  27  00  01  00  00  00  00  10  27  00  01  00  00  00  00  10  27  00  01  00  00  00  00  10  27  00  01  00  00  00  00  10  27  00  01  00  00  00  00  10  27  00  01  00  00  00  00  10  27  00  01  00  00  00  00  10  27  00  01  00  00  00  00  10  27  00  01  00  00  00  00  10  27  00  01  00  00  00  00  10  27  00  01  00  00  00  00  10  27  00  01  00  00  00  00  10  27  00  01  00  00  00  00  10  27  00  01  00  00  00  00  10  27  00  01  00  00  00  00  10  27  00  01  00  00  00  00  10  27  00  01  00  00  00  00  10  27  00  01  00  00  00  00  10  27  00  01  00  00  00  00  10  27  00  01  00  00  00  00  10  27  00  01  00  00  00  00  10  27  00  01  00  00  00  00  10  27  00  01  00  00  00  00  10  27  00  01  00  00  00  00  10  27  00  01  00  00  00  00  10  27  00  01  00  00  00  00  10  27  00  01  00  00  00  00  10  27  00  01  00  00  00  00  10  27  00  01  00  00  00  00  10  27  00  01  00  00  00  00  10  27  00  01  00  00  00  00  10  27  00  01  00  00  00  00  10  27  00  01  00  00  00  00  10  27  00  01  00  00  00  00  10  27  00  01  00  00  00  00  10  27  00  01  00  00  00  00  10  27  00  01  02  00  00  00  10  27  00  01  02  00  00  00  10  27  00  01  02  00  00  00  10  27  00  01  02  00  00  00  10  27  00  01  01  00  00  00  10  27  00  01  01  00  00  00  10  27  00  01  01  00  00  00  10  27  00  01  01  00  00  00  10  27  00  01  01  00  00  00  10  27  00  01  01  00  00  00  10  27  00  01  01  00  00  00  10  27  00  01  01  00  00  00  10  27  00  01  01  00  00  00  10  27  00  01  01  00  00  00  10  27  00  01  01  00  00  00  10  27  00  01  01  00  00  00  10  27  00  01  01  00  00  00  10  27  00  01  01  00  00  00  10  27  00  01  01  00  00  00  10  27  00  01  01  00  00  00  10  27  00  01  01  00  00  00  10  27  00  01  01  00  00  00  10  27  00  01  01  00  00  00  10  27  00  01  01  00  00  00  10  27  00  01  01  00  00  00  10  27  00  01  01  00  00  00  10  27  00  01  01  00  00  00  10  27  00  01  01  00  00  00  10  27  00  01  01  00  00  00  10  27  00  01  01  00  00  00  10  27  00  01  01  00  00  00  10  27  00  01  01  00  00  00  10  27  00  01  01  00  00  00  10  27  00  01  01  00  00  00  10  27  00  01  01  00  00  00  10  27  00  01  01  00  00  00  01  00  00  04  7f  00  00  01  01  02  00  02  c5  b3  00  00  01  1f  00  01  03  00  00  00  01  20  00  01  0a  00  00  00  01  1e  00  01  1e  00  00  00 
 九  20 20:41:40 [VNF] Sent NFAPI_VNF_CONFIG_REQ num_tlv:6
 九  20 20:41:40 
 九  20 20:41:40 INFO   --> [VNF] Creating VNF NFAPI P7 start thread vnf_nr_p7_thread_start
 九  20 20:41:40 
 九  20 20:41:40 INFO   --> vnf_nr_p7_start_thread()
 九  20 20:41:40 
 九  20 20:41:40 [NFAPI P7] ->  Initialising VNF P7 port:50611
 九  20 20:41:40 [NFAPI P7] ->  VNF P7 socket created...
 九  20 20:41:40 [NFAPI P7] ->  VNF P7 setsockopt succeeded...
 九  20 20:41:40 [NFAPI P7] ->  VNF P7 binding too 0.0.0.0:50611
 九  20 20:41:40 [NFAPI P7] ->  VNF P7 bind succeeded...
 九  20 20:41:40 [DEBUG]	vnf_p7->terminate 0
 九  20 20:41:40 
 九  20 20:41:40 [NFAPI VNF]  ->  Func : vnf_nr_read_dispatch_message
 九  20 20:41:40 messageHeader.message_id = 3
 九  20 20:41:40 
 九  20 20:41:40 [NFAPI VNF]  -> Received CONFIG_RESPONSE
 九  20 20:41:40 
 九  20 20:41:40 INFO  -->  Func : intgr_lwr_mac_procConfigRspEvt 
 九  20 20:41:40 
 九  20 20:41:40 INFO  -->  LWR_MAC : phyState :  0 in msgType : 3
 九  20 20:41:40 INFO  -->  NFAPI : pnfState :  0
 九  20 20:41:40 INFO  -->  LWR_MAC: Received EVENT[3] at STATE[0]
 九  20 20:41:40 DEBUG  -->  LWR_MAC: PHY has moved to Configured state 
 九  20 20:41:40 
 九  20 20:41:40 INFO  -->  fapiMacConfigRsp()
 九  20 20:41:40 
 九  20 20:41:40 INFO   --> [VNF] Received NFAPI_CONFIG_RESP idx:0 phy_id:1
 九  20 20:41:40 
 九  20 20:41:40 INFO   --> [VNF] Calling oai_enb_init()
 九  20 20:41:40 
 九  20 20:41:40  MESSAGE SENT: 
 九  20 20:41:40  00  01  00  04  00  00  00  00 
 九  20 20:41:40 
 九  20 20:41:40 INFO   -->  F1AP : Building DU config update
 九  20 20:41:40 Attempting to allocate 40 bytes
 九  20 20:41:40 Region: 0, Pool: 40, Size: 1
 九  20 20:41:40 Attempting to allocate 144 bytes
 九  20 20:41:40 Region: 0, Pool: 144, Size: 1
 九  20 20:41:40 Attempting to allocate 32 bytes
 九  20 20:41:40 Region: 0, Pool: 32, Size: 1
 九  20 20:41:40 Attempting to allocate 120 bytes
 九  20 20:41:40 Region: 0, Pool: 120, Size: 1
